START T1053.005 Test 1
PathToAtomicsFolder = C:\AtomicRedTeam\atomics

Executing test: T1053.005-1 Scheduled Task Startup Script
SUCCESS: The scheduled task "T1053_005_OnLogon" has successfully been created.
SUCCESS: The scheduled task "T1053_005_OnStartup" has successfully been created.
Exit code: 0
Done executing test: T1053.005-1 Scheduled Task Startup Script
END T1053.005 Test 1
PathToAtomicsFolder = C:\AtomicRedTeam\atomics

Executing cleanup for test: T1053.005-1 Scheduled Task Startup Script
Done executing cleanup for test: T1053.005-1 Scheduled Task Startup Script


START T1053.005 Test 2
PathToAtomicsFolder = C:\AtomicRedTeam\atomics

Executing test: T1053.005-2 Scheduled task Local
SUCCESS: The scheduled task "spawn" has successfully been created.
WARNING: Task may not run because /ST is earlier than current time.
Exit code: 0
Done executing test: T1053.005-2 Scheduled task Local
END T1053.005 Test 2
PathToAtomicsFolder = C:\AtomicRedTeam\atomics

Executing cleanup for test: T1053.005-2 Scheduled task Local
Done executing cleanup for test: T1053.005-2 Scheduled task Local


START T1053.005 Test 3
PathToAtomicsFolder = C:\AtomicRedTeam\atomics

Executing test: T1053.005-3 Scheduled task Remote
ERROR: No mapping between account names and security IDs was done.
Exit code: 1
Done executing test: T1053.005-3 Scheduled task Remote
END T1053.005 Test 3
PathToAtomicsFolder = C:\AtomicRedTeam\atomics

Executing cleanup for test: T1053.005-3 Scheduled task Remote
Done executing cleanup for test: T1053.005-3 Scheduled task Remote


START T1053.005 Test 4
PathToAtomicsFolder = C:\AtomicRedTeam\atomics

Executing test: T1053.005-4 Powershell Cmdlet Scheduled Task
TaskPath                                       TaskName                          State     
--------                                       --------                          -----     
\                                              AtomicTask                        Ready
Exit code: 0
Done executing test: T1053.005-4 Powershell Cmdlet Scheduled Task
END T1053.005 Test 4
PathToAtomicsFolder = C:\AtomicRedTeam\atomics

Executing cleanup for test: T1053.005-4 Powershell Cmdlet Scheduled Task
Done executing cleanup for test: T1053.005-4 Powershell Cmdlet Scheduled Task


START T1053.005 Test 5
PathToAtomicsFolder = C:\AtomicRedTeam\atomics

Executing test: T1053.005-5 Task Scheduler via VBA
Exit code: 0
Done executing test: T1053.005-5 Task Scheduler via VBA
END T1053.005 Test 5
PathToAtomicsFolder = C:\AtomicRedTeam\atomics

Executing cleanup for test: T1053.005-5 Task Scheduler via VBA
Done executing cleanup for test: T1053.005-5 Task Scheduler via VBA


START T1053.005 Test 6
PathToAtomicsFolder = C:\AtomicRedTeam\atomics

Executing test: T1053.005-6 WMI Invoke-CimMethod Scheduled Task
cmdletOutput                                                    ReturnValue PSComputerName
------------                                                    ----------- --------------
MSFT_ScheduledTask (TaskName = "T1053_005_WMI", TaskPath = "\")           0
Exit code: 0
Done executing test: T1053.005-6 WMI Invoke-CimMethod Scheduled Task
END T1053.005 Test 6
PathToAtomicsFolder = C:\AtomicRedTeam\atomics

Executing cleanup for test: T1053.005-6 WMI Invoke-CimMethod Scheduled Task
Done executing cleanup for test: T1053.005-6 WMI Invoke-CimMethod Scheduled Task


START T1053.005 Test 7
PathToAtomicsFolder = C:\AtomicRedTeam\atomics

Executing test: T1053.005-7 Scheduled Task Executing Base64 Encoded Commands From Registry
The operation completed successfully.
SUCCESS: The scheduled task "ATOMIC-T1053.005" has successfully been created.
Exit code: 0
Done executing test: T1053.005-7 Scheduled Task Executing Base64 Encoded Commands From Registry
END T1053.005 Test 7
PathToAtomicsFolder = C:\AtomicRedTeam\atomics

Executing cleanup for test: T1053.005-7 Scheduled Task Executing Base64 Encoded Commands From Registry
Done executing cleanup for test: T1053.005-7 Scheduled Task Executing Base64 Encoded Commands From Registry


START T1053.005 Test 8
PathToAtomicsFolder = C:\AtomicRedTeam\atomics

Executing test: T1053.005-8 Import XML Schedule Task with Hidden Attribute
cmdletOutput                                                      ReturnValue PSComputerName
------------                                                      ----------- --------------
MSFT_ScheduledTask (TaskName = "atomic red team", TaskPath = "\")           0
Exit code: 0
Done executing test: T1053.005-8 Import XML Schedule Task with Hidden Attribute
END T1053.005 Test 8
PathToAtomicsFolder = C:\AtomicRedTeam\atomics

Executing cleanup for test: T1053.005-8 Import XML Schedule Task with Hidden Attribute
Done executing cleanup for test: T1053.005-8 Import XML Schedule Task with Hidden Attribute


START T1053.005 Test 9
PathToAtomicsFolder = C:\AtomicRedTeam\atomics

Executing test: T1053.005-9 PowerShell Modify A Scheduled Task
TaskPath                                       TaskName                          State     
--------                                       --------                          -----     
\                                              AtomicTaskModifed                 Ready     
\                                              AtomicTaskModifed                 Ready
Exit code: 0
Done executing test: T1053.005-9 PowerShell Modify A Scheduled Task
END T1053.005 Test 9
PathToAtomicsFolder = C:\AtomicRedTeam\atomics

Executing cleanup for test: T1053.005-9 PowerShell Modify A Scheduled Task
Done executing cleanup for test: T1053.005-9 PowerShell Modify A Scheduled Task


START T1053.005 Test 10
PathToAtomicsFolder = C:\AtomicRedTeam\atomics

Executing test: T1053.005-10 Scheduled Task ("Ghost Task") via Registry Key Manipulation
The filename, directory name, or volume label syntax is incorrect.
Exit code: 1
Done executing test: T1053.005-10 Scheduled Task ("Ghost Task") via Registry Key Manipulation
END T1053.005 Test 10
PathToAtomicsFolder = C:\AtomicRedTeam\atomics

Executing cleanup for test: T1053.005-10 Scheduled Task ("Ghost Task") via Registry Key Manipulation
Done executing cleanup for test: T1053.005-10 Scheduled Task ("Ghost Task") via Registry Key Manipulation


START T1053.005 Test 11
PathToAtomicsFolder = C:\AtomicRedTeam\atomics

Executing test: T1053.005-11 Scheduled Task Persistence via CompMgmt.msc
The operation completed successfully.
SUCCESS: The scheduled task "CompMgmtBypass" has successfully been created.
Let's open the Computer Management console now...
Exit code: 0
Done executing test: T1053.005-11 Scheduled Task Persistence via CompMgmt.msc
END T1053.005 Test 11
PathToAtomicsFolder = C:\AtomicRedTeam\atomics

Executing cleanup for test: T1053.005-11 Scheduled Task Persistence via CompMgmt.msc
The operation completed successfully.
SUCCESS: The scheduled task "CompMgmtBypass" was successfully deleted.
Done executing cleanup for test: T1053.005-11 Scheduled Task Persistence via CompMgmt.msc


START T1053.005 Test 12
PathToAtomicsFolder = C:\AtomicRedTeam\atomics

Executing test: T1053.005-12 Scheduled Task Persistence via Eventviewer.msc
The operation completed successfully.
SUCCESS: The scheduled task "EventViewerBypass" has successfully been created.
Let's run the schedule task ... 
SUCCESS: Attempted to run the scheduled task "EventViewerBypass".
Exit code: 0
Done executing test: T1053.005-12 Scheduled Task Persistence via Eventviewer.msc
END T1053.005 Test 12
PathToAtomicsFolder = C:\AtomicRedTeam\atomics

Executing cleanup for test: T1053.005-12 Scheduled Task Persistence via Eventviewer.msc
Done executing cleanup for test: T1053.005-12 Scheduled Task Persistence via Eventviewer.msc


START T1546.013 Test 1
PathToAtomicsFolder = C:\AtomicRedTeam\atomics

Executing test: T1546.013-1 Append malicious start-process cmdlet
Exit code: 0
Done executing test: T1546.013-1 Append malicious start-process cmdlet
END T1546.013 Test 1
PathToAtomicsFolder = C:\AtomicRedTeam\atomics

Executing cleanup for test: T1546.013-1 Append malicious start-process cmdlet
Done executing cleanup for test: T1546.013-1 Append malicious start-process cmdlet


START T1133 Test 1
PathToAtomicsFolder = C:\AtomicRedTeam\atomics

Executing test: T1133-1 Running Chrome VPN Extensions via the Registry 2 vpn extension
Hive: HKEY_LOCAL_MACHINE\Software\Wow6432Node\Google\Chrome\Extensions
Name                           Property                                                                                
----                           --------                                                                                
fcfhplploccackoneaefokcmbjfbke                                                                                         
nj                                                                                                                     
update_url   : https://clients2.google.com/service/update2/crx
PSPath       : Microsoft.PowerShell.Core\Registry::HKEY_LOCAL_MACHINE\Software\Wow6432Node\Google\Chrome\Extensions\fcf
               hplploccackoneaefokcmbjfbkenj
PSParentPath : Microsoft.PowerShell.Core\Registry::HKEY_LOCAL_MACHINE\Software\Wow6432Node\Google\Chrome\Extensions
PSChildName  : fcfhplploccackoneaefokcmbjfbkenj
PSDrive      : HKLM
PSProvider   : Microsoft.PowerShell.Core\Registry
fdcgdnkidjaadafnichfpabhfomceb                                                                                         
me                                                                                                                     
update_url   : https://clients2.google.com/service/update2/crx
PSPath       : Microsoft.PowerShell.Core\Registry::HKEY_LOCAL_MACHINE\Software\Wow6432Node\Google\Chrome\Extensions\fdc
               gdnkidjaadafnichfpabhfomcebme
PSParentPath : Microsoft.PowerShell.Core\Registry::HKEY_LOCAL_MACHINE\Software\Wow6432Node\Google\Chrome\Extensions
PSChildName  : fdcgdnkidjaadafnichfpabhfomcebme
PSDrive      : HKLM
PSProvider   : Microsoft.PowerShell.Core\Registry
Exit code: 0
Done executing test: T1133-1 Running Chrome VPN Extensions via the Registry 2 vpn extension
END T1133 Test 1
PathToAtomicsFolder = C:\AtomicRedTeam\atomics

Executing cleanup for test: T1133-1 Running Chrome VPN Extensions via the Registry 2 vpn extension
Done executing cleanup for test: T1133-1 Running Chrome VPN Extensions via the Registry 2 vpn extension


START T1547 Test 1
PathToAtomicsFolder = C:\AtomicRedTeam\atomics

Executing test: T1547-1 Add a driver
Microsoft PnP Utility
Adding driver package:  usbstor.inf
Driver package added successfully. (Already exists in the system)
Published Name:         usbstor.inf
Total driver packages:  1
Added driver packages:  1
Exit code: 0
Done executing test: T1547-1 Add a driver
END T1547 Test 1
PathToAtomicsFolder = C:\AtomicRedTeam\atomics

Executing cleanup for test: T1547-1 Add a driver
Done executing cleanup for test: T1547-1 Add a driver


START T1547 Test 2
PathToAtomicsFolder = C:\AtomicRedTeam\atomics

Executing test: T1547-2 Driver Installation Using pnputil.exe
Microsoft PnP Utility
Processing inf :            acpipmi.inf
Successfully installed the driver.
Driver package added successfully.
Published name :            acpipmi.inf
Total attempted:              1
Number successfully imported: 1
Exit code: 0
Done executing test: T1547-2 Driver Installation Using pnputil.exe
END T1547 Test 2
PathToAtomicsFolder = C:\AtomicRedTeam\atomics

Executing cleanup for test: T1547-2 Driver Installation Using pnputil.exe
Done executing cleanup for test: T1547-2 Driver Installation Using pnputil.exe


START T1547 Test 3
PathToAtomicsFolder = C:\AtomicRedTeam\atomics

Executing test: T1547-3 Leverage Virtual Channels to execute custom DLL during successful RDP session
The operation completed successfully.
Exit code: 0
Done executing test: T1547-3 Leverage Virtual Channels to execute custom DLL during successful RDP session
END T1547 Test 3
PathToAtomicsFolder = C:\AtomicRedTeam\atomics

Executing cleanup for test: T1547-3 Leverage Virtual Channels to execute custom DLL during successful RDP session
The operation completed successfully.
Done executing cleanup for test: T1547-3 Leverage Virtual Channels to execute custom DLL during successful RDP session


START T1547.014 Test 1
PathToAtomicsFolder = C:\AtomicRedTeam\atomics

Executing test: T1547.014-1 HKLM - Add atomic_test key to launch executable as part of user setup
Exit code: 0
Done executing test: T1547.014-1 HKLM - Add atomic_test key to launch executable as part of user setup
END T1547.014 Test 1
PathToAtomicsFolder = C:\AtomicRedTeam\atomics

Executing cleanup for test: T1547.014-1 HKLM - Add atomic_test key to launch executable as part of user setup
Done executing cleanup for test: T1547.014-1 HKLM - Add atomic_test key to launch executable as part of user setup


START T1547.014 Test 2
PathToAtomicsFolder = C:\AtomicRedTeam\atomics

Executing test: T1547.014-2 HKLM - Add malicious StubPath value to existing Active Setup Entry
Exit code: 0
Done executing test: T1547.014-2 HKLM - Add malicious StubPath value to existing Active Setup Entry
END T1547.014 Test 2
PathToAtomicsFolder = C:\AtomicRedTeam\atomics

Executing cleanup for test: T1547.014-2 HKLM - Add malicious StubPath value to existing Active Setup Entry
Done executing cleanup for test: T1547.014-2 HKLM - Add malicious StubPath value to existing Active Setup Entry


START T1547.014 Test 3
PathToAtomicsFolder = C:\AtomicRedTeam\atomics

Executing test: T1547.014-3 HKLM - re-execute 'Internet Explorer Core Fonts' StubPath payload by decreasing version number
Exit code: 0
Done executing test: T1547.014-3 HKLM - re-execute 'Internet Explorer Core Fonts' StubPath payload by decreasing version number
END T1547.014 Test 3
PathToAtomicsFolder = C:\AtomicRedTeam\atomics

Executing cleanup for test: T1547.014-3 HKLM - re-execute 'Internet Explorer Core Fonts' StubPath payload by decreasing version number
Done executing cleanup for test: T1547.014-3 HKLM - re-execute 'Internet Explorer Core Fonts' StubPath payload by decreasing version number


START T1543.003 Test 1
PathToAtomicsFolder = C:\AtomicRedTeam\atomics

Executing test: T1543.003-1 Modify Fax service to run PowerShell
[SC] ChangeServiceConfig SUCCESS
[SC] StartService FAILED 1053:
The service did not respond to the start or control request in a timely fashion.
Exit code: 1053
Done executing test: T1543.003-1 Modify Fax service to run PowerShell
END T1543.003 Test 1
PathToAtomicsFolder = C:\AtomicRedTeam\atomics

Executing cleanup for test: T1543.003-1 Modify Fax service to run PowerShell
Done executing cleanup for test: T1543.003-1 Modify Fax service to run PowerShell


START T1543.003 Test 2
PathToAtomicsFolder = C:\AtomicRedTeam\atomics

Executing test: T1543.003-2 Service Installation CMD
[SC] CreateService SUCCESS
SERVICE_NAME: AtomicTestService_CMD 
        TYPE               : 10  WIN32_OWN_PROCESS  
        STATE              : 2  START_PENDING 
                                (NOT_STOPPABLE, NOT_PAUSABLE, IGNORES_SHUTDOWN)
        SERVICE_EXIT_CODE  : 0  (0x0)
        WIN32_EXIT_CODE    : 0  (0x0)
        CHECKPOINT         : 0x0
        WAIT_HINT          : 0x7d0
        PID                : 6752
        FLAGS              :
Exit code: 0
Done executing test: T1543.003-2 Service Installation CMD
END T1543.003 Test 2
PathToAtomicsFolder = C:\AtomicRedTeam\atomics

Executing cleanup for test: T1543.003-2 Service Installation CMD
Done executing cleanup for test: T1543.003-2 Service Installation CMD


START T1543.003 Test 3
PathToAtomicsFolder = C:\AtomicRedTeam\atomics

Executing test: T1543.003-3 Service Installation PowerShell
Status   Name               DisplayName                           
------   ----               -----------                           
Stopped  AtomicTestServi... AtomicTestService_PowerShell
Exit code: 0
Done executing test: T1543.003-3 Service Installation PowerShell
END T1543.003 Test 3
PathToAtomicsFolder = C:\AtomicRedTeam\atomics

Executing cleanup for test: T1543.003-3 Service Installation PowerShell
__GENUS          : 2
__CLASS          : __PARAMETERS
__SUPERCLASS     : 
__DYNASTY        : __PARAMETERS
__RELPATH        : 
__PROPERTY_COUNT : 1
__DERIVATION     : {}
__PATH           : 
ReturnValue      : 0
PSComputerName   : 
__SERVER         : 
__NAMESPACE      :
Done executing cleanup for test: T1543.003-3 Service Installation PowerShell


START T1543.003 Test 4
PathToAtomicsFolder = C:\AtomicRedTeam\atomics

Executing test: T1543.003-4 TinyTurla backdoor service w64time
1 file(s) copied.
[SC] CreateService SUCCESS
[SC] ChangeServiceConfig SUCCESS
[SC] ChangeServiceConfig2 SUCCESS
The operation completed successfully.
The operation completed successfully.
SERVICE_NAME: W64Time 
        TYPE               : 20  WIN32_SHARE_PROCESS  
        STATE              : 2  START_PENDING 
                                (NOT_STOPPABLE, NOT_PAUSABLE, IGNORES_SHUTDOWN)
        WIN32_EXIT_CODE    : 0  (0x0)
        SERVICE_EXIT_CODE  : 0  (0x0)
        CHECKPOINT         : 0x0
        PID                : 6876
        WAIT_HINT          : 0x7d0
        FLAGS              :
Exit code: 0
Done executing test: T1543.003-4 TinyTurla backdoor service w64time
END T1543.003 Test 4
PathToAtomicsFolder = C:\AtomicRedTeam\atomics

Executing cleanup for test: T1543.003-4 TinyTurla backdoor service w64time
[SC] ControlService FAILED 1062:
The service has not been started.
[SC] DeleteService SUCCESS
The operation completed successfully.
ERROR: The system was unable to find the specified registry key or value.
Done executing cleanup for test: T1543.003-4 TinyTurla backdoor service w64time


START T1543.003 Test 5
PathToAtomicsFolder = C:\AtomicRedTeam\atomics

Executing test: T1543.003-5 Remote Service Installation CMD
[SC] CreateService SUCCESS
SERVICE_NAME: AtomicTestService_CMD 
        TYPE               : 10  WIN32_OWN_PROCESS  
        STATE              : 2  START_PENDING 
                                (NOT_STOPPABLE, NOT_PAUSABLE, IGNORES_SHUTDOWN)
        WIN32_EXIT_CODE    : 0  (0x0)
        SERVICE_EXIT_CODE  : 0  (0x0)
        CHECKPOINT         : 0x0
        WAIT_HINT          : 0x7d0
        PID                : 1860
        FLAGS              :
Exit code: 0
Done executing test: T1543.003-5 Remote Service Installation CMD
END T1543.003 Test 5
PathToAtomicsFolder = C:\AtomicRedTeam\atomics

Executing cleanup for test: T1543.003-5 Remote Service Installation CMD
Done executing cleanup for test: T1543.003-5 Remote Service Installation CMD


START T1543.003 Test 6
PathToAtomicsFolder = C:\AtomicRedTeam\atomics

Executing test: T1543.003-6 Modify Service to Run Arbitrary Binary (Powershell)
set-servicebinarypath : The term 'set-servicebinarypath' is not recognized as the name of a cmdlet, function, script 
file, or operable program. Check the spelling of the name, or if a path was included, verify that the path is correct 
and try again.
At line:2 char:1
+ set-servicebinarypath -name "fax" -path "$env:windir\system32\notepad ...
+ ~~~~~~~~~~~~~~~~~~~~~
    + CategoryInfo          : ObjectNotFound: (set-servicebinarypath:String) [], CommandNotFoundException
    + FullyQualifiedErrorId : CommandNotFoundException
Exit code: 0
Done executing test: T1543.003-6 Modify Service to Run Arbitrary Binary (Powershell)
END T1543.003 Test 6
PathToAtomicsFolder = C:\AtomicRedTeam\atomics

Executing cleanup for test: T1543.003-6 Modify Service to Run Arbitrary Binary (Powershell)
set-servicebinarypath : The term 'set-servicebinarypath' is not recognized as the name of a cmdlet, function, script 
file, or operable program. Check the spelling of the name, or if a path was included, verify that the path is correct 
and try again.
At line:2 char:1
+ set-servicebinarypath -name "fax" -path "$env:windir\system32\fxssvc. ...
+ ~~~~~~~~~~~~~~~~~~~~~
    + CategoryInfo          : ObjectNotFound: (set-servicebinarypath:String) [], CommandNotFoundException
    + FullyQualifiedErrorId : CommandNotFoundException
Done executing cleanup for test: T1543.003-6 Modify Service to Run Arbitrary Binary (Powershell)


