2026-09-04 15:10:27,661 [INFO] pipeline.elastic_client: Find 610 enabled rules (tag=OS: Windows)
2026-09-04 15:10:27,679 [INFO] pipeline: Runnging 247 tests
2026-09-04 15:10:27,679 [INFO] pipeline: [1/247] T1053.005 test 1
2026-09-04 15:10:27,680 [INFO] pipeline.atomic_runner: START TIME: 2026-09-04T08:10:27.000Z
2026-09-04 15:10:48,841 [INFO] pipeline.atomic_runner: END TIME: 2026-09-04T08:10:48.000Z
2026-09-04 15:10:50,842 [INFO] pipeline: [2/247] T1053.005 test 2
2026-09-04 15:10:50,843 [INFO] pipeline.atomic_runner: START TIME: 2026-09-04T08:10:50.000Z
2026-09-04 15:11:05,054 [INFO] pipeline.atomic_runner: END TIME: 2026-09-04T08:11:05.000Z
2026-09-04 15:11:07,054 [INFO] pipeline: [3/247] T1053.005 test 3
2026-09-04 15:11:07,055 [INFO] pipeline.atomic_runner: START TIME: 2026-09-04T08:11:07.000Z
2026-09-04 15:11:19,687 [INFO] pipeline.atomic_runner: END TIME: 2026-09-04T08:11:19.000Z
2026-09-04 15:11:21,688 [INFO] pipeline: [4/247] T1053.005 test 4
2026-09-04 15:11:21,688 [INFO] pipeline.atomic_runner: START TIME: 2026-09-04T08:11:21.000Z
2026-09-04 15:11:47,791 [INFO] pipeline.atomic_runner: END TIME: 2026-09-04T08:11:47.000Z
2026-09-04 15:11:49,791 [INFO] pipeline: [5/247] T1053.005 test 5
2026-09-04 15:11:49,792 [INFO] pipeline.atomic_runner: START TIME: 2026-09-04T08:11:49.000Z
2026-09-04 15:12:34,978 [INFO] pipeline.atomic_runner: END TIME: 2026-09-04T08:12:34.000Z
2026-09-04 15:12:36,979 [INFO] pipeline: [6/247] T1053.005 test 6
2026-09-04 15:12:36,980 [INFO] pipeline.atomic_runner: START TIME: 2026-09-04T08:12:36.000Z
2026-09-04 15:12:58,865 [INFO] pipeline.atomic_runner: END TIME: 2026-09-04T08:12:58.000Z
2026-09-04 15:13:00,866 [INFO] pipeline: [7/247] T1053.005 test 7
2026-09-04 15:13:00,867 [INFO] pipeline.atomic_runner: START TIME: 2026-09-04T08:13:00.000Z
2026-09-04 15:13:14,905 [INFO] pipeline.atomic_runner: END TIME: 2026-09-04T08:13:14.000Z
2026-09-04 15:13:16,906 [INFO] pipeline: [8/247] T1053.005 test 8
2026-09-04 15:13:16,907 [INFO] pipeline.atomic_runner: START TIME: 2026-09-04T08:13:16.000Z
2026-09-04 15:13:36,285 [INFO] pipeline.atomic_runner: END TIME: 2026-09-04T08:13:36.000Z
2026-09-04 15:13:38,286 [INFO] pipeline: [9/247] T1053.005 test 9
2026-09-04 15:13:38,287 [INFO] pipeline.atomic_runner: START TIME: 2026-09-04T08:13:38.000Z
2026-09-04 15:14:04,390 [INFO] pipeline.atomic_runner: END TIME: 2026-09-04T08:14:04.000Z
2026-09-04 15:14:06,391 [INFO] pipeline: [10/247] T1053.005 test 10
2026-09-04 15:14:06,392 [INFO] pipeline.atomic_runner: START TIME: 2026-09-04T08:14:06.000Z
2026-09-04 15:14:21,345 [INFO] pipeline.atomic_runner: END TIME: 2026-09-04T08:14:21.000Z
2026-09-04 15:14:23,346 [INFO] pipeline: [11/247] T1053.005 test 11
2026-09-04 15:14:23,348 [INFO] pipeline.atomic_runner: START TIME: 2026-09-04T08:14:23.000Z
2026-09-04 15:14:43,196 [INFO] pipeline.atomic_runner: END TIME: 2026-09-04T08:14:43.000Z
2026-09-04 15:14:45,196 [INFO] pipeline: [12/247] T1053.005 test 12
2026-09-04 15:14:45,200 [INFO] pipeline.atomic_runner: START TIME: 2026-09-04T08:14:45.000Z
2026-09-04 15:15:02,086 [INFO] pipeline.atomic_runner: END TIME: 2026-09-04T08:15:02.000Z
2026-09-04 15:15:04,086 [INFO] pipeline: [13/247] T1546.013 test 1
2026-09-04 15:15:04,087 [INFO] pipeline.atomic_runner: START TIME: 2026-09-04T08:15:04.000Z
2026-09-04 15:15:22,161 [INFO] pipeline.atomic_runner: END TIME: 2026-09-04T08:15:22.000Z
2026-09-04 15:15:24,161 [INFO] pipeline: [14/247] T1133 test 1
2026-09-04 15:15:24,163 [INFO] pipeline.atomic_runner: START TIME: 2026-09-04T08:15:24.000Z
2026-09-04 15:16:12,652 [INFO] pipeline.atomic_runner: END TIME: 2026-09-04T08:16:12.000Z
2026-09-04 15:16:14,654 [INFO] pipeline: [15/247] T1542.001 test 1
2026-09-04 15:16:14,655 [INFO] pipeline.atomic_runner: START TIME: 2026-09-04T08:16:14.000Z
2026-09-04 15:16:35,727 [INFO] pipeline.atomic_runner: END TIME: 2026-09-04T08:16:35.000Z
2026-09-04 15:16:37,727 [INFO] pipeline: [16/247] T1547 test 1
2026-09-04 15:16:37,729 [INFO] pipeline.atomic_runner: START TIME: 2026-09-04T08:16:37.000Z
2026-09-04 15:16:48,381 [INFO] pipeline.atomic_runner: END TIME: 2026-09-04T08:16:48.000Z
2026-09-04 15:16:50,381 [INFO] pipeline: [17/247] T1547 test 2
2026-09-04 15:16:50,382 [INFO] pipeline.atomic_runner: START TIME: 2026-09-04T08:16:50.000Z
2026-09-04 15:17:06,723 [INFO] pipeline.atomic_runner: END TIME: 2026-09-04T08:17:06.000Z
2026-09-04 15:17:08,724 [INFO] pipeline: [18/247] T1547 test 3
2026-09-04 15:17:08,725 [INFO] pipeline.atomic_runner: START TIME: 2026-09-04T08:17:08.000Z
2026-09-04 15:17:24,226 [INFO] pipeline.atomic_runner: END TIME: 2026-09-04T08:17:24.000Z
2026-09-04 15:17:26,226 [INFO] pipeline: [19/247] T1547.014 test 1
2026-09-04 15:17:26,229 [INFO] pipeline.atomic_runner: START TIME: 2026-09-04T08:17:26.000Z
2026-09-04 15:17:41,840 [INFO] pipeline.atomic_runner: END TIME: 2026-09-04T08:17:41.000Z
2026-09-04 15:17:43,840 [INFO] pipeline: [20/247] T1547.014 test 2
2026-09-04 15:17:43,841 [INFO] pipeline.atomic_runner: START TIME: 2026-09-04T08:17:43.000Z
2026-09-04 15:18:00,271 [INFO] pipeline.atomic_runner: END TIME: 2026-09-04T08:18:00.000Z
2026-09-04 15:18:02,271 [INFO] pipeline: [21/247] T1547.014 test 3
2026-09-04 15:18:02,272 [INFO] pipeline.atomic_runner: START TIME: 2026-09-04T08:18:02.000Z
2026-09-04 15:18:18,247 [INFO] pipeline.atomic_runner: END TIME: 2026-09-04T08:18:18.000Z
2026-09-04 15:18:20,247 [INFO] pipeline: [22/247] T1543.003 test 1
2026-09-04 15:18:20,249 [INFO] pipeline.atomic_runner: START TIME: 2026-09-04T08:18:20.000Z
2026-09-04 15:18:33,579 [INFO] pipeline.atomic_runner: END TIME: 2026-09-04T08:18:33.000Z
2026-09-04 15:18:35,580 [INFO] pipeline: [23/247] T1543.003 test 2
2026-09-04 15:18:35,581 [INFO] pipeline.atomic_runner: START TIME: 2026-09-04T08:18:35.000Z
2026-09-04 15:18:49,442 [INFO] pipeline.atomic_runner: END TIME: 2026-09-04T08:18:49.000Z
2026-09-04 15:18:51,442 [INFO] pipeline: [24/247] T1543.003 test 3
2026-09-04 15:18:51,444 [INFO] pipeline.atomic_runner: START TIME: 2026-09-04T08:18:51.000Z
2026-09-04 15:19:18,669 [INFO] pipeline.atomic_runner: END TIME: 2026-09-04T08:19:18.000Z
2026-09-04 15:19:20,669 [INFO] pipeline: [25/247] T1543.003 test 4
2026-09-04 15:19:20,672 [INFO] pipeline.atomic_runner: START TIME: 2026-09-04T08:19:20.000Z
2026-09-04 15:19:39,435 [INFO] pipeline.atomic_runner: END TIME: 2026-09-04T08:19:39.000Z
2026-09-04 15:19:41,436 [INFO] pipeline: [26/247] T1543.003 test 5
2026-09-04 15:19:41,437 [INFO] pipeline.atomic_runner: START TIME: 2026-09-04T08:19:41.000Z
2026-09-04 15:19:59,454 [INFO] pipeline.atomic_runner: END TIME: 2026-09-04T08:19:59.000Z
2026-09-04 15:20:01,454 [INFO] pipeline: [27/247] T1543.003 test 6
2026-09-04 15:20:01,455 [INFO] pipeline.atomic_runner: START TIME: 2026-09-04T08:20:01.000Z
2026-09-04 15:20:33,230 [INFO] pipeline.atomic_runner: END TIME: 2026-09-04T08:20:33.000Z
2026-09-04 15:20:35,231 [INFO] pipeline: [28/247] T1137 test 1
2026-09-04 15:20:35,232 [INFO] pipeline.atomic_runner: START TIME: 2026-09-04T08:20:35.000Z
2026-09-04 15:20:45,761 [INFO] pipeline.atomic_runner: END TIME: 2026-09-04T08:20:45.000Z
2026-09-04 15:20:47,762 [INFO] pipeline: [29/247] T1547.012 test 1
2026-09-04 15:20:47,762 [INFO] pipeline.atomic_runner: START TIME: 2026-09-04T08:20:47.000Z
2026-09-04 15:21:09,250 [INFO] pipeline.atomic_runner: END TIME: 2026-09-04T08:21:09.000Z
2026-09-04 15:21:11,252 [INFO] pipeline: [30/247] T1137.006 test 1
2026-09-04 15:21:11,253 [INFO] pipeline.atomic_runner: START TIME: 2026-09-04T08:21:11.000Z
2026-09-04 15:21:42,343 [INFO] pipeline.atomic_runner: END TIME: 2026-09-04T08:21:42.000Z
2026-09-04 15:21:44,344 [INFO] pipeline: [31/247] T1137.006 test 2
2026-09-04 15:21:44,345 [INFO] pipeline.atomic_runner: START TIME: 2026-09-04T08:21:44.000Z
2026-09-04 15:22:44,391 [INFO] pipeline.atomic_runner: END TIME: 2026-09-04T08:22:44.000Z
2026-09-04 15:22:46,391 [INFO] pipeline: [32/247] T1137.006 test 3
2026-09-04 15:22:46,393 [INFO] pipeline.atomic_runner: START TIME: 2026-09-04T08:22:46.000Z
2026-09-04 15:23:19,674 [INFO] pipeline.atomic_runner: END TIME: 2026-09-04T08:23:19.000Z
2026-09-04 15:23:21,675 [INFO] pipeline: [33/247] T1137.006 test 4
2026-09-04 15:23:21,676 [INFO] pipeline.atomic_runner: START TIME: 2026-09-04T08:23:21.000Z
2026-09-04 15:23:57,623 [INFO] pipeline.atomic_runner: END TIME: 2026-09-04T08:23:57.000Z
2026-09-04 15:23:59,624 [INFO] pipeline: [34/247] T1137.006 test 5
2026-09-04 15:23:59,626 [INFO] pipeline.atomic_runner: START TIME: 2026-09-04T08:23:59.000Z
2026-09-04 15:25:41,149 [INFO] pipeline.atomic_runner: END TIME: 2026-09-04T08:25:41.000Z
2026-09-04 15:25:43,150 [INFO] pipeline: [35/247] T1505.002 test 1
2026-09-04 15:25:43,151 [INFO] pipeline.atomic_runner: START TIME: 2026-09-04T08:25:43.000Z
2026-09-04 15:26:14,895 [INFO] pipeline.atomic_runner: END TIME: 2026-09-04T08:26:14.000Z
2026-09-04 15:26:16,896 [INFO] pipeline: [36/247] T1556.002 test 1
2026-09-04 15:26:16,897 [INFO] pipeline.atomic_runner: START TIME: 2026-09-04T08:26:16.000Z
2026-09-04 15:26:35,871 [INFO] pipeline.atomic_runner: END TIME: 2026-09-04T08:26:35.000Z
2026-09-04 15:26:37,871 [INFO] pipeline: [37/247] T1556.002 test 2
2026-09-04 15:26:37,873 [INFO] pipeline.atomic_runner: START TIME: 2026-09-04T08:26:37.000Z
2026-09-04 15:28:38,006 [WARNING] pipeline: Skipping T1556.002 2 due to run failure: Command '['pwsh', '-File', 'scripts/run_atomic.ps1', '-JsonFile', 'output/current_round.json']' timed out after 120 seconds
2026-09-04 15:28:40,007 [INFO] pipeline: [38/247] T1505.005 test 1
2026-09-04 15:28:40,010 [INFO] pipeline.atomic_runner: START TIME: 2026-09-04T08:28:40.000Z
2026-09-04 15:29:01,566 [INFO] pipeline.atomic_runner: END TIME: 2026-09-04T08:29:01.000Z
2026-09-04 15:29:01,566 [INFO] pipeline: No detection rules for this technique T1505.005 1
2026-09-04 15:29:03,567 [INFO] pipeline: [39/247] T1505.005 test 2
2026-09-04 15:29:03,568 [INFO] pipeline.atomic_runner: START TIME: 2026-09-04T08:29:03.000Z
2026-09-04 15:29:24,393 [INFO] pipeline.atomic_runner: END TIME: 2026-09-04T08:29:24.000Z
2026-09-04 15:29:24,393 [INFO] pipeline: No detection rules for this technique T1505.005 2
2026-09-04 15:29:26,393 [INFO] pipeline: [40/247] T1176 test 1
2026-09-04 15:29:26,397 [INFO] pipeline.atomic_runner: START TIME: 2026-09-04T08:29:26.000Z
2026-09-04 15:29:39,138 [INFO] pipeline.atomic_runner: END TIME: 2026-09-04T08:29:39.000Z
2026-09-04 15:29:41,138 [INFO] pipeline: [41/247] T1176 test 2
2026-09-04 15:29:41,140 [INFO] pipeline.atomic_runner: START TIME: 2026-09-04T08:29:41.000Z
2026-09-04 15:29:53,201 [INFO] pipeline.atomic_runner: END TIME: 2026-09-04T08:29:53.000Z
2026-09-04 15:29:55,202 [INFO] pipeline: [42/247] T1176 test 3
2026-09-04 15:29:55,203 [INFO] pipeline.atomic_runner: START TIME: 2026-09-04T08:29:55.000Z
2026-09-04 15:30:08,841 [INFO] pipeline.atomic_runner: END TIME: 2026-09-04T08:30:08.000Z
2026-09-04 15:30:10,841 [INFO] pipeline: [43/247] T1176 test 4
2026-09-04 15:30:10,843 [INFO] pipeline.atomic_runner: START TIME: 2026-09-04T08:30:10.000Z
2026-09-04 15:32:10,954 [WARNING] pipeline: Skipping T1176 4 due to run failure: Command '['pwsh', '-File', 'scripts/run_atomic.ps1', '-JsonFile', 'output/current_round.json']' timed out after 120 seconds
2026-09-04 15:32:12,955 [INFO] pipeline: [44/247] T1137.005 test 1
2026-09-04 15:32:12,956 [INFO] pipeline.atomic_runner: START TIME: 2026-09-04T08:32:12.000Z
2026-09-04 15:32:33,762 [INFO] pipeline.atomic_runner: END TIME: 2026-09-04T08:32:33.000Z
2026-09-04 15:32:33,762 [INFO] pipeline: No detection rules for this technique T1137.005 1
2026-09-04 15:32:35,763 [INFO] pipeline: [45/247] T1137.005 test 2
2026-09-04 15:32:35,764 [INFO] pipeline.atomic_runner: START TIME: 2026-09-04T08:32:35.000Z
2026-09-04 15:32:56,548 [INFO] pipeline.atomic_runner: END TIME: 2026-09-04T08:32:56.000Z
2026-09-04 15:32:56,549 [INFO] pipeline: No detection rules for this technique T1137.005 2
2026-09-04 15:32:58,549 [INFO] pipeline: [46/247] T1137.005 test 3
2026-09-04 15:32:58,551 [INFO] pipeline.atomic_runner: START TIME: 2026-09-04T08:32:58.000Z
2026-09-04 15:33:17,127 [INFO] pipeline.atomic_runner: END TIME: 2026-09-04T08:33:17.000Z
2026-09-04 15:33:17,127 [INFO] pipeline: No detection rules for this technique T1137.005 3
2026-09-04 15:33:19,128 [INFO] pipeline: [47/247] T1137.005 test 4
2026-09-04 15:33:19,128 [INFO] pipeline.atomic_runner: START TIME: 2026-09-04T08:33:19.000Z
2026-09-04 15:33:37,339 [INFO] pipeline.atomic_runner: END TIME: 2026-09-04T08:33:37.000Z
2026-09-04 15:33:37,339 [INFO] pipeline: No detection rules for this technique T1137.005 4
2026-09-04 15:33:39,340 [INFO] pipeline: [48/247] T1137.005 test 5
2026-09-04 15:33:39,341 [INFO] pipeline.atomic_runner: START TIME: 2026-09-04T08:33:39.000Z
2026-09-04 15:33:58,332 [INFO] pipeline.atomic_runner: END TIME: 2026-09-04T08:33:58.000Z
2026-09-04 15:33:58,333 [INFO] pipeline: No detection rules for this technique T1137.005 5
2026-09-04 15:34:00,333 [INFO] pipeline: [49/247] T1546.011 test 1
2026-09-04 15:34:00,335 [INFO] pipeline.atomic_runner: START TIME: 2026-09-04T08:34:00.000Z
2026-09-04 15:34:17,992 [INFO] pipeline.atomic_runner: END TIME: 2026-09-04T08:34:17.000Z
2026-09-04 15:34:19,993 [INFO] pipeline: [50/247] T1546.011 test 2
2026-09-04 15:34:19,996 [INFO] pipeline.atomic_runner: START TIME: 2026-09-04T08:34:19.000Z
2026-09-04 15:34:40,212 [INFO] pipeline.atomic_runner: END TIME: 2026-09-04T08:34:40.000Z
2026-09-04 15:34:42,213 [INFO] pipeline: [51/247] T1546.011 test 3
2026-09-04 15:34:42,214 [INFO] pipeline.atomic_runner: START TIME: 2026-09-04T08:34:42.000Z
2026-09-04 15:35:03,922 [INFO] pipeline.atomic_runner: END TIME: 2026-09-04T08:35:03.000Z
2026-09-04 15:35:05,922 [INFO] pipeline: [52/247] T1547.010 test 1
2026-09-04 15:35:05,923 [INFO] pipeline.atomic_runner: START TIME: 2026-09-04T08:35:05.000Z
2026-09-04 15:35:25,221 [INFO] pipeline.atomic_runner: END TIME: 2026-09-04T08:35:25.000Z
2026-09-04 15:35:27,222 [INFO] pipeline: [53/247] T1547.009 test 1
2026-09-04 15:35:27,223 [INFO] pipeline.atomic_runner: START TIME: 2026-09-04T08:35:27.000Z
2026-09-04 15:35:43,865 [INFO] pipeline.atomic_runner: END TIME: 2026-09-04T08:35:43.000Z
2026-09-04 15:35:45,866 [INFO] pipeline: [54/247] T1547.009 test 2
2026-09-04 15:35:45,869 [INFO] pipeline.atomic_runner: START TIME: 2026-09-04T08:35:45.000Z
2026-09-04 15:36:02,298 [INFO] pipeline.atomic_runner: END TIME: 2026-09-04T08:36:02.000Z
2026-09-04 15:36:04,299 [INFO] pipeline: [55/247] T1547.005 test 1
2026-09-04 15:36:04,302 [INFO] pipeline.atomic_runner: START TIME: 2026-09-04T08:36:04.000Z
2026-09-04 15:36:25,237 [INFO] pipeline.atomic_runner: END TIME: 2026-09-04T08:36:25.000Z
2026-09-04 15:36:27,237 [INFO] pipeline: [56/247] T1547.005 test 2
2026-09-04 15:36:27,238 [INFO] pipeline.atomic_runner: START TIME: 2026-09-04T08:36:27.000Z
2026-09-04 15:36:45,325 [INFO] pipeline.atomic_runner: END TIME: 2026-09-04T08:36:45.000Z
2026-09-04 15:36:47,325 [INFO] pipeline: [57/247] T1112 test 1
2026-09-04 15:36:47,327 [INFO] pipeline.atomic_runner: START TIME: 2026-09-04T08:36:47.000Z
2026-09-04 15:37:03,182 [INFO] pipeline.atomic_runner: END TIME: 2026-09-04T08:37:03.000Z
2026-09-04 15:37:05,183 [INFO] pipeline: [58/247] T1112 test 2
2026-09-04 15:37:05,184 [INFO] pipeline.atomic_runner: START TIME: 2026-09-04T08:37:05.000Z
2026-09-04 15:37:20,730 [INFO] pipeline.atomic_runner: END TIME: 2026-09-04T08:37:20.000Z
2026-09-04 15:37:22,731 [INFO] pipeline: [59/247] T1112 test 3
2026-09-04 15:37:22,732 [INFO] pipeline.atomic_runner: START TIME: 2026-09-04T08:37:22.000Z
2026-09-04 15:37:40,330 [INFO] pipeline.atomic_runner: END TIME: 2026-09-04T08:37:40.000Z
2026-09-04 15:37:42,330 [INFO] pipeline: [60/247] T1112 test 4
2026-09-04 15:37:42,331 [INFO] pipeline.atomic_runner: START TIME: 2026-09-04T08:37:42.000Z
2026-09-04 15:38:01,424 [INFO] pipeline.atomic_runner: END TIME: 2026-09-04T08:38:01.000Z
2026-09-04 15:38:03,425 [INFO] pipeline: [61/247] T1112 test 5
2026-09-04 15:38:03,426 [INFO] pipeline.atomic_runner: START TIME: 2026-09-04T08:38:03.000Z
2026-09-04 15:38:46,650 [INFO] pipeline.atomic_runner: END TIME: 2026-09-04T08:38:46.000Z
2026-09-04 15:38:48,651 [INFO] pipeline: [62/247] T1112 test 6
2026-09-04 15:38:48,653 [INFO] pipeline.atomic_runner: START TIME: 2026-09-04T08:38:48.000Z
2026-09-04 15:39:23,076 [INFO] pipeline.atomic_runner: END TIME: 2026-09-04T08:39:23.000Z
2026-09-04 15:39:25,076 [INFO] pipeline: [63/247] T1112 test 7
2026-09-04 15:39:25,078 [INFO] pipeline.atomic_runner: START TIME: 2026-09-04T08:39:25.000Z
2026-09-04 15:39:45,059 [INFO] pipeline.atomic_runner: END TIME: 2026-09-04T08:39:45.000Z
2026-09-04 15:39:47,060 [INFO] pipeline: [64/247] T1112 test 8
2026-09-04 15:39:47,061 [INFO] pipeline.atomic_runner: START TIME: 2026-09-04T08:39:47.000Z
2026-09-04 15:40:07,828 [INFO] pipeline.atomic_runner: END TIME: 2026-09-04T08:40:07.000Z
2026-09-04 15:40:09,829 [INFO] pipeline: [65/247] T1112 test 9
2026-09-04 15:40:09,831 [INFO] pipeline.atomic_runner: START TIME: 2026-09-04T08:40:09.000Z
2026-09-04 15:40:30,363 [INFO] pipeline.atomic_runner: END TIME: 2026-09-04T08:40:30.000Z
2026-09-04 15:40:32,364 [INFO] pipeline: [66/247] T1112 test 10
2026-09-04 15:40:32,365 [INFO] pipeline.atomic_runner: START TIME: 2026-09-04T08:40:32.000Z
2026-09-04 15:40:47,972 [INFO] pipeline.atomic_runner: END TIME: 2026-09-04T08:40:47.000Z
2026-09-04 15:40:49,973 [INFO] pipeline: [67/247] T1112 test 11
2026-09-04 15:40:49,974 [INFO] pipeline.atomic_runner: START TIME: 2026-09-04T08:40:49.000Z
2026-09-04 15:41:07,807 [INFO] pipeline.atomic_runner: END TIME: 2026-09-04T08:41:07.000Z
2026-09-04 15:41:09,807 [INFO] pipeline: [68/247] T1112 test 12
2026-09-04 15:41:09,809 [INFO] pipeline.atomic_runner: START TIME: 2026-09-04T08:41:09.000Z
2026-09-04 15:41:25,097 [INFO] pipeline.atomic_runner: END TIME: 2026-09-04T08:41:25.000Z
2026-09-04 15:41:27,098 [INFO] pipeline: [69/247] T1112 test 13
2026-09-04 15:41:27,099 [INFO] pipeline.atomic_runner: START TIME: 2026-09-04T08:41:27.000Z
2026-09-04 15:41:40,455 [INFO] pipeline.atomic_runner: END TIME: 2026-09-04T08:41:40.000Z
2026-09-04 15:41:42,456 [INFO] pipeline: [70/247] T1112 test 14
2026-09-04 15:41:42,457 [INFO] pipeline.atomic_runner: START TIME: 2026-09-04T08:41:42.000Z
2026-09-04 15:41:55,519 [INFO] pipeline.atomic_runner: END TIME: 2026-09-04T08:41:55.000Z
2026-09-04 15:41:57,519 [INFO] pipeline: [71/247] T1112 test 15
2026-09-04 15:41:57,521 [INFO] pipeline.atomic_runner: START TIME: 2026-09-04T08:41:57.000Z
2026-09-04 15:42:09,870 [INFO] pipeline.atomic_runner: END TIME: 2026-09-04T08:42:09.000Z
2026-09-04 15:42:11,871 [INFO] pipeline: [72/247] T1112 test 16
2026-09-04 15:42:11,872 [INFO] pipeline.atomic_runner: START TIME: 2026-09-04T08:42:11.000Z
2026-09-04 15:42:18,923 [INFO] pipeline.atomic_runner: END TIME: 2026-09-04T08:42:18.000Z
2026-09-04 15:42:20,923 [INFO] pipeline: [73/247] T1112 test 17
2026-09-04 15:42:20,924 [INFO] pipeline.atomic_runner: START TIME: 2026-09-04T08:42:20.000Z
2026-09-04 15:42:28,277 [INFO] pipeline.atomic_runner: END TIME: 2026-09-04T08:42:28.000Z
2026-09-04 15:42:30,277 [INFO] pipeline: [74/247] T1112 test 18
2026-09-04 15:42:30,279 [INFO] pipeline.atomic_runner: START TIME: 2026-09-04T08:42:30.000Z
2026-09-04 15:42:37,683 [INFO] pipeline.atomic_runner: END TIME: 2026-09-04T08:42:37.000Z
2026-09-04 15:42:39,683 [INFO] pipeline: [75/247] T1112 test 19
2026-09-04 15:42:39,684 [INFO] pipeline.atomic_runner: START TIME: 2026-09-04T08:42:39.000Z
2026-09-04 15:42:47,321 [INFO] pipeline.atomic_runner: END TIME: 2026-09-04T08:42:47.000Z
2026-09-04 15:42:49,321 [INFO] pipeline: [76/247] T1112 test 20
2026-09-04 15:42:49,322 [INFO] pipeline.atomic_runner: START TIME: 2026-09-04T08:42:49.000Z
2026-09-04 15:42:56,554 [INFO] pipeline.atomic_runner: END TIME: 2026-09-04T08:42:56.000Z
2026-09-04 15:42:58,554 [INFO] pipeline: [77/247] T1112 test 21
2026-09-04 15:42:58,556 [INFO] pipeline.atomic_runner: START TIME: 2026-09-04T08:42:58.000Z
2026-09-04 15:43:06,341 [INFO] pipeline.atomic_runner: END TIME: 2026-09-04T08:43:06.000Z
2026-09-04 15:43:08,341 [INFO] pipeline: [78/247] T1112 test 22
2026-09-04 15:43:08,342 [INFO] pipeline.atomic_runner: START TIME: 2026-09-04T08:43:08.000Z
2026-09-04 15:43:15,983 [INFO] pipeline.atomic_runner: END TIME: 2026-09-04T08:43:15.000Z
2026-09-04 15:43:17,984 [INFO] pipeline: [79/247] T1112 test 23
2026-09-04 15:43:17,984 [INFO] pipeline.atomic_runner: START TIME: 2026-09-04T08:43:17.000Z
2026-09-04 15:43:25,838 [INFO] pipeline.atomic_runner: END TIME: 2026-09-04T08:43:25.000Z
2026-09-04 15:43:27,839 [INFO] pipeline: [80/247] T1112 test 24
2026-09-04 15:43:27,839 [INFO] pipeline.atomic_runner: START TIME: 2026-09-04T08:43:27.000Z
2026-09-04 15:43:35,340 [INFO] pipeline.atomic_runner: END TIME: 2026-09-04T08:43:35.000Z
2026-09-04 15:43:37,341 [INFO] pipeline: [81/247] T1112 test 25
2026-09-04 15:43:37,343 [INFO] pipeline.atomic_runner: START TIME: 2026-09-04T08:43:37.000Z
2026-09-04 15:43:44,829 [INFO] pipeline.atomic_runner: END TIME: 2026-09-04T08:43:44.000Z
2026-09-04 15:43:46,829 [INFO] pipeline: [82/247] T1112 test 26
2026-09-04 15:43:46,830 [INFO] pipeline.atomic_runner: START TIME: 2026-09-04T08:43:46.000Z
2026-09-04 15:43:54,866 [INFO] pipeline.atomic_runner: END TIME: 2026-09-04T08:43:54.000Z
2026-09-04 15:43:56,866 [INFO] pipeline: [83/247] T1112 test 27
2026-09-04 15:43:56,867 [INFO] pipeline.atomic_runner: START TIME: 2026-09-04T08:43:56.000Z
2026-09-04 15:44:04,238 [INFO] pipeline.atomic_runner: END TIME: 2026-09-04T08:44:04.000Z
2026-09-04 15:44:06,238 [INFO] pipeline: [84/247] T1112 test 28
2026-09-04 15:44:06,239 [INFO] pipeline.atomic_runner: START TIME: 2026-09-04T08:44:06.000Z
2026-09-04 15:44:14,055 [INFO] pipeline.atomic_runner: END TIME: 2026-09-04T08:44:14.000Z
2026-09-04 15:44:16,056 [INFO] pipeline: [85/247] T1112 test 29
2026-09-04 15:44:16,056 [INFO] pipeline.atomic_runner: START TIME: 2026-09-04T08:44:16.000Z
2026-09-04 15:44:24,045 [INFO] pipeline.atomic_runner: END TIME: 2026-09-04T08:44:24.000Z
2026-09-04 15:44:26,046 [INFO] pipeline: [86/247] T1112 test 30
2026-09-04 15:44:26,046 [INFO] pipeline.atomic_runner: START TIME: 2026-09-04T08:44:26.000Z
2026-09-04 15:44:33,796 [INFO] pipeline.atomic_runner: END TIME: 2026-09-04T08:44:33.000Z
2026-09-04 15:44:35,797 [INFO] pipeline: [87/247] T1112 test 31
2026-09-04 15:44:35,797 [INFO] pipeline.atomic_runner: START TIME: 2026-09-04T08:44:35.000Z
2026-09-04 15:44:43,752 [INFO] pipeline.atomic_runner: END TIME: 2026-09-04T08:44:43.000Z
2026-09-04 15:44:45,752 [INFO] pipeline: [88/247] T1112 test 32
2026-09-04 15:44:45,754 [INFO] pipeline.atomic_runner: START TIME: 2026-09-04T08:44:45.000Z
2026-09-04 15:44:54,030 [INFO] pipeline.atomic_runner: END TIME: 2026-09-04T08:44:54.000Z
2026-09-04 15:44:56,030 [INFO] pipeline: [89/247] T1112 test 33
2026-09-04 15:44:56,031 [INFO] pipeline.atomic_runner: START TIME: 2026-09-04T08:44:56.000Z
2026-09-04 15:45:04,761 [INFO] pipeline.atomic_runner: END TIME: 2026-09-04T08:45:04.000Z
2026-09-04 15:45:06,761 [INFO] pipeline: [90/247] T1112 test 34
2026-09-04 15:45:06,763 [INFO] pipeline.atomic_runner: START TIME: 2026-09-04T08:45:06.000Z
2026-09-04 15:45:15,032 [INFO] pipeline.atomic_runner: END TIME: 2026-09-04T08:45:15.000Z
2026-09-04 15:45:17,032 [INFO] pipeline: [91/247] T1112 test 35
2026-09-04 15:45:17,033 [INFO] pipeline.atomic_runner: START TIME: 2026-09-04T08:45:17.000Z
2026-09-04 15:45:25,006 [INFO] pipeline.atomic_runner: END TIME: 2026-09-04T08:45:25.000Z
2026-09-04 15:45:27,007 [INFO] pipeline: [92/247] T1112 test 36
2026-09-04 15:45:27,008 [INFO] pipeline.atomic_runner: START TIME: 2026-09-04T08:45:27.000Z
2026-09-04 15:45:34,386 [INFO] pipeline.atomic_runner: END TIME: 2026-09-04T08:45:34.000Z
2026-09-04 15:45:36,386 [INFO] pipeline: [93/247] T1112 test 37
2026-09-04 15:45:36,387 [INFO] pipeline.atomic_runner: START TIME: 2026-09-04T08:45:36.000Z
2026-09-04 15:45:43,580 [INFO] pipeline.atomic_runner: END TIME: 2026-09-04T08:45:43.000Z
2026-09-04 15:45:45,580 [INFO] pipeline: [94/247] T1112 test 38
2026-09-04 15:45:45,581 [INFO] pipeline.atomic_runner: START TIME: 2026-09-04T08:45:45.000Z
2026-09-04 15:45:52,868 [INFO] pipeline.atomic_runner: END TIME: 2026-09-04T08:45:52.000Z
2026-09-04 15:45:54,869 [INFO] pipeline: [95/247] T1112 test 39
2026-09-04 15:45:54,869 [INFO] pipeline.atomic_runner: START TIME: 2026-09-04T08:45:54.000Z
2026-09-04 15:46:02,525 [INFO] pipeline.atomic_runner: END TIME: 2026-09-04T08:46:02.000Z
2026-09-04 15:46:04,526 [INFO] pipeline: [96/247] T1112 test 40
2026-09-04 15:46:04,527 [INFO] pipeline.atomic_runner: START TIME: 2026-09-04T08:46:04.000Z
2026-09-04 15:46:11,739 [INFO] pipeline.atomic_runner: END TIME: 2026-09-04T08:46:11.000Z
2026-09-04 15:46:13,739 [INFO] pipeline: [97/247] T1112 test 41
2026-09-04 15:46:13,740 [INFO] pipeline.atomic_runner: START TIME: 2026-09-04T08:46:13.000Z
2026-09-04 15:46:21,094 [INFO] pipeline.atomic_runner: END TIME: 2026-09-04T08:46:21.000Z
2026-09-04 15:46:23,095 [INFO] pipeline: [98/247] T1112 test 42
2026-09-04 15:46:23,096 [INFO] pipeline.atomic_runner: START TIME: 2026-09-04T08:46:23.000Z
2026-09-04 15:46:30,111 [INFO] pipeline.atomic_runner: END TIME: 2026-09-04T08:46:30.000Z
2026-09-04 15:46:32,111 [INFO] pipeline: [99/247] T1112 test 43
2026-09-04 15:46:32,113 [INFO] pipeline.atomic_runner: START TIME: 2026-09-04T08:46:32.000Z
2026-09-04 15:46:39,452 [INFO] pipeline.atomic_runner: END TIME: 2026-09-04T08:46:39.000Z
2026-09-04 15:46:41,453 [INFO] pipeline: [100/247] T1112 test 44
2026-09-04 15:46:41,453 [INFO] pipeline.atomic_runner: START TIME: 2026-09-04T08:46:41.000Z
2026-09-04 15:46:48,534 [INFO] pipeline.atomic_runner: END TIME: 2026-09-04T08:46:48.000Z
2026-09-04 15:46:50,534 [INFO] pipeline: [101/247] T1112 test 45
2026-09-04 15:46:50,535 [INFO] pipeline.atomic_runner: START TIME: 2026-09-04T08:46:50.000Z
2026-09-04 15:46:57,764 [INFO] pipeline.atomic_runner: END TIME: 2026-09-04T08:46:57.000Z
2026-09-04 15:46:59,765 [INFO] pipeline: [102/247] T1112 test 46
2026-09-04 15:46:59,766 [INFO] pipeline.atomic_runner: START TIME: 2026-09-04T08:46:59.000Z
2026-09-04 15:47:06,923 [INFO] pipeline.atomic_runner: END TIME: 2026-09-04T08:47:06.000Z
2026-09-04 15:47:08,924 [INFO] pipeline: [103/247] T1112 test 47
2026-09-04 15:47:08,925 [INFO] pipeline.atomic_runner: START TIME: 2026-09-04T08:47:08.000Z
2026-09-04 15:47:16,431 [INFO] pipeline.atomic_runner: END TIME: 2026-09-04T08:47:16.000Z
2026-09-04 15:47:18,432 [INFO] pipeline: [104/247] T1112 test 48
2026-09-04 15:47:18,433 [INFO] pipeline.atomic_runner: START TIME: 2026-09-04T08:47:18.000Z
2026-09-04 15:47:25,773 [INFO] pipeline.atomic_runner: END TIME: 2026-09-04T08:47:25.000Z
2026-09-04 15:47:27,773 [INFO] pipeline: [105/247] T1112 test 49
2026-09-04 15:47:27,774 [INFO] pipeline.atomic_runner: START TIME: 2026-09-04T08:47:27.000Z
2026-09-04 15:47:34,472 [INFO] pipeline.atomic_runner: END TIME: 2026-09-04T08:47:34.000Z
2026-09-04 15:47:36,472 [INFO] pipeline: [106/247] T1112 test 50
2026-09-04 15:47:36,473 [INFO] pipeline.atomic_runner: START TIME: 2026-09-04T08:47:36.000Z
2026-09-04 15:47:43,615 [INFO] pipeline.atomic_runner: END TIME: 2026-09-04T08:47:43.000Z
2026-09-04 15:47:45,616 [INFO] pipeline: [107/247] T1112 test 51
2026-09-04 15:47:45,617 [INFO] pipeline.atomic_runner: START TIME: 2026-09-04T08:47:45.000Z
2026-09-04 15:47:52,396 [INFO] pipeline.atomic_runner: END TIME: 2026-09-04T08:47:52.000Z
2026-09-04 15:47:54,398 [INFO] pipeline: [108/247] T1112 test 52
2026-09-04 15:47:54,398 [INFO] pipeline.atomic_runner: START TIME: 2026-09-04T08:47:54.000Z
2026-09-04 15:48:01,642 [INFO] pipeline.atomic_runner: END TIME: 2026-09-04T08:48:01.000Z
2026-09-04 15:48:03,643 [INFO] pipeline: [109/247] T1112 test 53
2026-09-04 15:48:03,644 [INFO] pipeline.atomic_runner: START TIME: 2026-09-04T08:48:03.000Z
2026-09-04 15:48:10,711 [INFO] pipeline.atomic_runner: END TIME: 2026-09-04T08:48:10.000Z
2026-09-04 15:48:12,712 [INFO] pipeline: [110/247] T1112 test 54
2026-09-04 15:48:12,712 [INFO] pipeline.atomic_runner: START TIME: 2026-09-04T08:48:12.000Z
2026-09-04 15:48:20,331 [INFO] pipeline.atomic_runner: END TIME: 2026-09-04T08:48:20.000Z
2026-09-04 15:48:22,332 [INFO] pipeline: [111/247] T1112 test 55
2026-09-04 15:48:22,333 [INFO] pipeline.atomic_runner: START TIME: 2026-09-04T08:48:22.000Z
2026-09-04 15:48:29,708 [INFO] pipeline.atomic_runner: END TIME: 2026-09-04T08:48:29.000Z
2026-09-04 15:48:31,709 [INFO] pipeline: [112/247] T1112 test 56
2026-09-04 15:48:31,709 [INFO] pipeline.atomic_runner: START TIME: 2026-09-04T08:48:31.000Z
2026-09-04 15:48:39,766 [INFO] pipeline.atomic_runner: END TIME: 2026-09-04T08:48:39.000Z
2026-09-04 15:48:41,767 [INFO] pipeline: [113/247] T1112 test 57
2026-09-04 15:48:41,767 [INFO] pipeline.atomic_runner: START TIME: 2026-09-04T08:48:41.000Z
2026-09-04 15:48:50,704 [INFO] pipeline.atomic_runner: END TIME: 2026-09-04T08:48:50.000Z
2026-09-04 15:48:52,705 [INFO] pipeline: [114/247] T1112 test 58
2026-09-04 15:48:52,706 [INFO] pipeline.atomic_runner: START TIME: 2026-09-04T08:48:52.000Z
2026-09-04 15:49:00,324 [INFO] pipeline.atomic_runner: END TIME: 2026-09-04T08:49:00.000Z
2026-09-04 15:49:02,325 [INFO] pipeline: [115/247] T1112 test 59
2026-09-04 15:49:02,326 [INFO] pipeline.atomic_runner: START TIME: 2026-09-04T08:49:02.000Z
2026-09-04 15:49:10,217 [INFO] pipeline.atomic_runner: END TIME: 2026-09-04T08:49:10.000Z
2026-09-04 15:49:12,217 [INFO] pipeline: [116/247] T1112 test 60
2026-09-04 15:49:12,218 [INFO] pipeline.atomic_runner: START TIME: 2026-09-04T08:49:12.000Z
2026-09-04 15:49:22,114 [INFO] pipeline.atomic_runner: END TIME: 2026-09-04T08:49:22.000Z
2026-09-04 15:49:24,115 [INFO] pipeline: [117/247] T1112 test 61
2026-09-04 15:49:24,115 [INFO] pipeline.atomic_runner: START TIME: 2026-09-04T08:49:24.000Z
2026-09-04 15:49:31,872 [INFO] pipeline.atomic_runner: END TIME: 2026-09-04T08:49:31.000Z
2026-09-04 15:49:33,872 [INFO] pipeline: [118/247] T1112 test 62
2026-09-04 15:49:33,873 [INFO] pipeline.atomic_runner: START TIME: 2026-09-04T08:49:33.000Z
2026-09-04 15:49:41,375 [INFO] pipeline.atomic_runner: END TIME: 2026-09-04T08:49:41.000Z
2026-09-04 15:49:43,376 [INFO] pipeline: [119/247] T1112 test 63
2026-09-04 15:49:43,376 [INFO] pipeline.atomic_runner: START TIME: 2026-09-04T08:49:43.000Z
2026-09-04 15:49:50,716 [INFO] pipeline.atomic_runner: END TIME: 2026-09-04T08:49:50.000Z
2026-09-04 15:49:52,716 [INFO] pipeline: [120/247] T1112 test 64
2026-09-04 15:49:52,717 [INFO] pipeline.atomic_runner: START TIME: 2026-09-04T08:49:52.000Z
2026-09-04 15:50:00,790 [INFO] pipeline.atomic_runner: END TIME: 2026-09-04T08:50:00.000Z
2026-09-04 15:50:02,790 [INFO] pipeline: [121/247] T1112 test 65
2026-09-04 15:50:02,791 [INFO] pipeline.atomic_runner: START TIME: 2026-09-04T08:50:02.000Z
2026-09-04 15:50:10,652 [INFO] pipeline.atomic_runner: END TIME: 2026-09-04T08:50:10.000Z
2026-09-04 15:50:12,652 [INFO] pipeline: [122/247] T1112 test 66
2026-09-04 15:50:12,653 [INFO] pipeline.atomic_runner: START TIME: 2026-09-04T08:50:12.000Z
2026-09-04 15:50:20,619 [INFO] pipeline.atomic_runner: END TIME: 2026-09-04T08:50:20.000Z
2026-09-04 15:50:22,619 [INFO] pipeline: [123/247] T1112 test 67
2026-09-04 15:50:22,620 [INFO] pipeline.atomic_runner: START TIME: 2026-09-04T08:50:22.000Z
2026-09-04 15:50:30,569 [INFO] pipeline.atomic_runner: END TIME: 2026-09-04T08:50:30.000Z
2026-09-04 15:50:32,570 [INFO] pipeline: [124/247] T1112 test 68
2026-09-04 15:50:32,570 [INFO] pipeline.atomic_runner: START TIME: 2026-09-04T08:50:32.000Z
2026-09-04 15:50:39,866 [INFO] pipeline.atomic_runner: END TIME: 2026-09-04T08:50:39.000Z
2026-09-04 15:50:41,867 [INFO] pipeline: [125/247] T1112 test 69
2026-09-04 15:50:41,868 [INFO] pipeline.atomic_runner: START TIME: 2026-09-04T08:50:41.000Z
2026-09-04 15:52:41,988 [WARNING] pipeline: Skipping T1112 69 due to run failure: Command '['pwsh', '-File', 'scripts/run_atomic.ps1', '-JsonFile', 'output/current_round.json']' timed out after 120 seconds
2026-09-04 15:52:43,989 [INFO] pipeline: [126/247] T1112 test 70
2026-09-04 15:52:43,989 [INFO] pipeline.atomic_runner: START TIME: 2026-09-04T08:52:43.000Z
2026-09-04 15:52:58,288 [INFO] pipeline.atomic_runner: END TIME: 2026-09-04T08:52:58.000Z
2026-09-04 15:53:00,288 [INFO] pipeline: [127/247] T1112 test 71
2026-09-04 15:53:00,289 [INFO] pipeline.atomic_runner: START TIME: 2026-09-04T08:53:00.000Z
2026-09-04 15:53:12,324 [INFO] pipeline.atomic_runner: END TIME: 2026-09-04T08:53:12.000Z
2026-09-04 15:53:14,324 [INFO] pipeline: [128/247] T1112 test 72
2026-09-04 15:53:14,325 [INFO] pipeline.atomic_runner: START TIME: 2026-09-04T08:53:14.000Z
2026-09-04 15:53:39,951 [INFO] pipeline.atomic_runner: END TIME: 2026-09-04T08:53:39.000Z
2026-09-04 15:53:41,952 [INFO] pipeline: [129/247] T1112 test 73
2026-09-04 15:53:41,952 [INFO] pipeline.atomic_runner: START TIME: 2026-09-04T08:53:41.000Z
2026-09-04 15:53:52,932 [INFO] pipeline.atomic_runner: END TIME: 2026-09-04T08:53:52.000Z
2026-09-04 15:53:54,932 [INFO] pipeline: [130/247] T1112 test 74
2026-09-04 15:53:54,933 [INFO] pipeline.atomic_runner: START TIME: 2026-09-04T08:53:54.000Z
2026-09-04 15:54:03,358 [INFO] pipeline.atomic_runner: END TIME: 2026-09-04T08:54:03.000Z
2026-09-04 15:54:05,358 [INFO] pipeline: [131/247] T1112 test 75
2026-09-04 15:54:05,359 [INFO] pipeline.atomic_runner: START TIME: 2026-09-04T08:54:05.000Z
2026-09-04 15:54:13,910 [INFO] pipeline.atomic_runner: END TIME: 2026-09-04T08:54:13.000Z
2026-09-04 15:54:15,910 [INFO] pipeline: [132/247] T1112 test 76
2026-09-04 15:54:15,911 [INFO] pipeline.atomic_runner: START TIME: 2026-09-04T08:54:15.000Z
2026-09-04 15:54:25,045 [INFO] pipeline.atomic_runner: END TIME: 2026-09-04T08:54:25.000Z
2026-09-04 15:54:27,045 [INFO] pipeline: [133/247] T1112 test 77
2026-09-04 15:54:27,046 [INFO] pipeline.atomic_runner: START TIME: 2026-09-04T08:54:27.000Z
2026-09-04 15:54:35,540 [INFO] pipeline.atomic_runner: END TIME: 2026-09-04T08:54:35.000Z
2026-09-04 15:54:37,540 [INFO] pipeline: [134/247] T1112 test 78
2026-09-04 15:54:37,541 [INFO] pipeline.atomic_runner: START TIME: 2026-09-04T08:54:37.000Z
2026-09-04 15:54:46,422 [INFO] pipeline.atomic_runner: END TIME: 2026-09-04T08:54:46.000Z
2026-09-04 15:54:48,423 [INFO] pipeline: [135/247] T1112 test 79
2026-09-04 15:54:48,423 [INFO] pipeline.atomic_runner: START TIME: 2026-09-04T08:54:48.000Z
2026-09-04 15:54:57,136 [INFO] pipeline.atomic_runner: END TIME: 2026-09-04T08:54:57.000Z
2026-09-04 15:54:59,137 [INFO] pipeline: [136/247] T1112 test 80
2026-09-04 15:54:59,137 [INFO] pipeline.atomic_runner: START TIME: 2026-09-04T08:54:59.000Z
2026-09-04 15:55:08,972 [INFO] pipeline.atomic_runner: END TIME: 2026-09-04T08:55:08.000Z
2026-09-04 15:55:10,973 [INFO] pipeline: [137/247] T1112 test 81
2026-09-04 15:55:10,973 [INFO] pipeline.atomic_runner: START TIME: 2026-09-04T08:55:10.000Z
2026-09-04 15:55:20,502 [INFO] pipeline.atomic_runner: END TIME: 2026-09-04T08:55:20.000Z
2026-09-04 15:55:22,502 [INFO] pipeline: [138/247] T1112 test 82
2026-09-04 15:55:22,503 [INFO] pipeline.atomic_runner: START TIME: 2026-09-04T08:55:22.000Z
2026-09-04 15:55:30,535 [INFO] pipeline.atomic_runner: END TIME: 2026-09-04T08:55:30.000Z
2026-09-04 15:55:32,535 [INFO] pipeline: [139/247] T1112 test 83
2026-09-04 15:55:32,536 [INFO] pipeline.atomic_runner: START TIME: 2026-09-04T08:55:32.000Z
2026-09-04 15:55:40,094 [INFO] pipeline.atomic_runner: END TIME: 2026-09-04T08:55:40.000Z
2026-09-04 15:55:42,095 [INFO] pipeline: [140/247] T1112 test 84
2026-09-04 15:55:42,095 [INFO] pipeline.atomic_runner: START TIME: 2026-09-04T08:55:42.000Z
2026-09-04 15:55:49,648 [INFO] pipeline.atomic_runner: END TIME: 2026-09-04T08:55:49.000Z
2026-09-04 15:55:51,649 [INFO] pipeline: [141/247] T1112 test 85
2026-09-04 15:55:51,649 [INFO] pipeline.atomic_runner: START TIME: 2026-09-04T08:55:51.000Z
2026-09-04 15:55:59,597 [INFO] pipeline.atomic_runner: END TIME: 2026-09-04T08:55:59.000Z
2026-09-04 15:56:01,597 [INFO] pipeline: [142/247] T1112 test 86
2026-09-04 15:56:01,598 [INFO] pipeline.atomic_runner: START TIME: 2026-09-04T08:56:01.000Z
2026-09-04 15:56:10,106 [INFO] pipeline.atomic_runner: END TIME: 2026-09-04T08:56:10.000Z
2026-09-04 15:56:12,106 [INFO] pipeline: [143/247] T1112 test 87
2026-09-04 15:56:12,107 [INFO] pipeline.atomic_runner: START TIME: 2026-09-04T08:56:12.000Z
2026-09-04 15:56:20,321 [INFO] pipeline.atomic_runner: END TIME: 2026-09-04T08:56:20.000Z
2026-09-04 15:56:22,322 [INFO] pipeline: [144/247] T1112 test 88
2026-09-04 15:56:22,322 [INFO] pipeline.atomic_runner: START TIME: 2026-09-04T08:56:22.000Z
2026-09-04 15:56:30,096 [INFO] pipeline.atomic_runner: END TIME: 2026-09-04T08:56:30.000Z
2026-09-04 15:56:32,097 [INFO] pipeline: [145/247] T1112 test 89
2026-09-04 15:56:32,097 [INFO] pipeline.atomic_runner: START TIME: 2026-09-04T08:56:32.000Z
2026-09-04 15:56:39,583 [INFO] pipeline.atomic_runner: END TIME: 2026-09-04T08:56:39.000Z
2026-09-04 15:56:41,584 [INFO] pipeline: [146/247] T1112 test 90
2026-09-04 15:56:41,585 [INFO] pipeline.atomic_runner: START TIME: 2026-09-04T08:56:41.000Z
2026-09-04 15:56:49,191 [INFO] pipeline.atomic_runner: END TIME: 2026-09-04T08:56:49.000Z
2026-09-04 15:56:51,191 [INFO] pipeline: [147/247] T1505.003 test 1
2026-09-04 15:56:51,194 [INFO] pipeline.atomic_runner: START TIME: 2026-09-04T08:56:51.000Z
2026-09-04 15:56:57,364 [INFO] pipeline.atomic_runner: END TIME: 2026-09-04T08:56:57.000Z
2026-09-04 15:56:59,364 [INFO] pipeline: [148/247] T1078.001 test 1
2026-09-04 15:56:59,366 [INFO] pipeline.atomic_runner: START TIME: 2026-09-04T08:56:59.000Z
2026-09-04 15:57:06,344 [INFO] pipeline.atomic_runner: END TIME: 2026-09-04T08:57:06.000Z
2026-09-04 15:57:08,345 [INFO] pipeline: [149/247] T1078.001 test 2
2026-09-04 15:57:08,345 [INFO] pipeline.atomic_runner: START TIME: 2026-09-04T08:57:08.000Z
2026-09-04 15:57:14,849 [INFO] pipeline.atomic_runner: END TIME: 2026-09-04T08:57:14.000Z
2026-09-04 15:57:16,849 [INFO] pipeline: [150/247] T1547.003 test 1
2026-09-04 15:57:16,852 [INFO] pipeline.atomic_runner: START TIME: 2026-09-04T08:57:16.000Z
2026-09-04 15:57:31,407 [INFO] pipeline.atomic_runner: END TIME: 2026-09-04T08:57:31.000Z
2026-09-04 15:57:33,408 [INFO] pipeline: [151/247] T1547.003 test 2
2026-09-04 15:57:33,408 [INFO] pipeline.atomic_runner: START TIME: 2026-09-04T08:57:33.000Z
2026-09-04 15:57:47,684 [INFO] pipeline.atomic_runner: END TIME: 2026-09-04T08:57:47.000Z
2026-09-04 15:57:49,685 [INFO] pipeline: [152/247] T1136.001 test 4
2026-09-04 15:57:49,686 [INFO] pipeline.atomic_runner: START TIME: 2026-09-04T08:57:49.000Z
2026-09-04 15:57:56,404 [INFO] pipeline.atomic_runner: END TIME: 2026-09-04T08:57:56.000Z
2026-09-04 15:57:58,405 [INFO] pipeline: [153/247] T1136.001 test 5
2026-09-04 15:57:58,405 [INFO] pipeline.atomic_runner: START TIME: 2026-09-04T08:57:58.000Z
2026-09-04 15:58:07,694 [INFO] pipeline.atomic_runner: END TIME: 2026-09-04T08:58:07.000Z
2026-09-04 15:58:09,695 [INFO] pipeline: [154/247] T1136.001 test 8
2026-09-04 15:58:09,698 [INFO] pipeline.atomic_runner: START TIME: 2026-09-04T08:58:09.000Z
2026-09-04 15:58:18,521 [INFO] pipeline.atomic_runner: END TIME: 2026-09-04T08:58:18.000Z
2026-09-04 15:58:20,521 [INFO] pipeline: [155/247] T1136.001 test 9
2026-09-04 15:58:20,522 [INFO] pipeline.atomic_runner: START TIME: 2026-09-04T08:58:20.000Z
2026-09-04 15:58:54,802 [INFO] pipeline.atomic_runner: END TIME: 2026-09-04T08:58:54.000Z
2026-09-04 15:58:56,802 [INFO] pipeline: [156/247] T1547.004 test 1
2026-09-04 15:58:56,803 [INFO] pipeline.atomic_runner: START TIME: 2026-09-04T08:58:56.000Z
2026-09-04 15:59:06,756 [INFO] pipeline.atomic_runner: END TIME: 2026-09-04T08:59:06.000Z
2026-09-04 15:59:08,756 [INFO] pipeline: [157/247] T1547.004 test 2
2026-09-04 15:59:08,757 [INFO] pipeline.atomic_runner: START TIME: 2026-09-04T08:59:08.000Z
2026-09-04 15:59:17,627 [INFO] pipeline.atomic_runner: END TIME: 2026-09-04T08:59:17.000Z
2026-09-04 15:59:19,627 [INFO] pipeline: [158/247] T1547.004 test 3
2026-09-04 15:59:19,628 [INFO] pipeline.atomic_runner: START TIME: 2026-09-04T08:59:19.000Z
2026-09-04 16:01:19,745 [WARNING] pipeline: Skipping T1547.004 3 due to run failure: Command '['pwsh', '-File', 'scripts/run_atomic.ps1', '-JsonFile', 'output/current_round.json']' timed out after 120 seconds
2026-09-04 16:01:21,745 [INFO] pipeline: [159/247] T1547.004 test 4
2026-09-04 16:01:21,748 [INFO] pipeline.atomic_runner: START TIME: 2026-09-04T09:01:21.000Z
2026-09-04 16:01:29,220 [INFO] pipeline.atomic_runner: END TIME: 2026-09-04T09:01:29.000Z
2026-09-04 16:01:31,220 [INFO] pipeline: [160/247] T1547.004 test 5
2026-09-04 16:01:31,221 [INFO] pipeline.atomic_runner: START TIME: 2026-09-04T09:01:31.000Z
2026-09-04 16:01:38,209 [INFO] pipeline.atomic_runner: END TIME: 2026-09-04T09:01:38.000Z
2026-09-04 16:01:40,209 [INFO] pipeline: [161/247] T1546.012 test 1
2026-09-04 16:01:40,212 [INFO] pipeline.atomic_runner: START TIME: 2026-09-04T09:01:40.000Z
2026-09-04 16:01:46,167 [INFO] pipeline.atomic_runner: END TIME: 2026-09-04T09:01:46.000Z
2026-09-04 16:01:48,167 [INFO] pipeline: [162/247] T1546.012 test 2
2026-09-04 16:01:48,168 [INFO] pipeline.atomic_runner: START TIME: 2026-09-04T09:01:48.000Z
2026-09-04 16:01:54,092 [INFO] pipeline.atomic_runner: END TIME: 2026-09-04T09:01:54.000Z
2026-09-04 16:01:56,092 [INFO] pipeline: [163/247] T1546.012 test 3
2026-09-04 16:01:56,093 [INFO] pipeline.atomic_runner: START TIME: 2026-09-04T09:01:56.000Z
2026-09-04 16:02:04,067 [INFO] pipeline.atomic_runner: END TIME: 2026-09-04T09:02:04.000Z
2026-09-04 16:02:06,067 [INFO] pipeline: [164/247] T1546.008 test 1
2026-09-04 16:02:06,068 [INFO] pipeline.atomic_runner: START TIME: 2026-09-04T09:02:06.000Z
2026-09-04 16:02:15,033 [INFO] pipeline.atomic_runner: END TIME: 2026-09-04T09:02:15.000Z
2026-09-04 16:02:17,033 [INFO] pipeline: [165/247] T1546.008 test 2
2026-09-04 16:02:17,034 [INFO] pipeline.atomic_runner: START TIME: 2026-09-04T09:02:17.000Z
2026-09-04 16:02:23,248 [INFO] pipeline.atomic_runner: END TIME: 2026-09-04T09:02:23.000Z
2026-09-04 16:02:25,248 [INFO] pipeline: [166/247] T1546.008 test 3
2026-09-04 16:02:25,249 [INFO] pipeline.atomic_runner: START TIME: 2026-09-04T09:02:25.000Z
2026-09-04 16:02:33,037 [INFO] pipeline.atomic_runner: END TIME: 2026-09-04T09:02:33.000Z
2026-09-04 16:02:35,037 [INFO] pipeline: [167/247] T1546.008 test 4
2026-09-04 16:02:35,039 [INFO] pipeline.atomic_runner: START TIME: 2026-09-04T09:02:35.000Z
2026-09-04 16:02:42,157 [INFO] pipeline.atomic_runner: END TIME: 2026-09-04T09:02:42.000Z
2026-09-04 16:02:44,158 [INFO] pipeline: [168/247] T1546.008 test 5
2026-09-04 16:02:44,158 [INFO] pipeline.atomic_runner: START TIME: 2026-09-04T09:02:44.000Z
2026-09-04 16:02:50,476 [INFO] pipeline.atomic_runner: END TIME: 2026-09-04T09:02:50.000Z
2026-09-04 16:02:52,476 [INFO] pipeline: [169/247] T1546.008 test 6
2026-09-04 16:02:52,477 [INFO] pipeline.atomic_runner: START TIME: 2026-09-04T09:02:52.000Z
2026-09-04 16:02:58,802 [INFO] pipeline.atomic_runner: END TIME: 2026-09-04T09:02:58.000Z
2026-09-04 16:03:00,802 [INFO] pipeline: [170/247] T1546.008 test 7
2026-09-04 16:03:00,805 [INFO] pipeline.atomic_runner: START TIME: 2026-09-04T09:03:00.000Z
2026-09-04 16:03:06,930 [INFO] pipeline.atomic_runner: END TIME: 2026-09-04T09:03:06.000Z
2026-09-04 16:03:08,930 [INFO] pipeline: [171/247] T1546.008 test 8
2026-09-04 16:03:08,931 [INFO] pipeline.atomic_runner: START TIME: 2026-09-04T09:03:08.000Z
2026-09-04 16:03:15,001 [INFO] pipeline.atomic_runner: END TIME: 2026-09-04T09:03:15.000Z
2026-09-04 16:03:17,002 [INFO] pipeline: [172/247] T1546.008 test 9
2026-09-04 16:03:17,003 [INFO] pipeline.atomic_runner: START TIME: 2026-09-04T09:03:17.000Z
2026-09-04 16:03:23,340 [INFO] pipeline.atomic_runner: END TIME: 2026-09-04T09:03:23.000Z
2026-09-04 16:03:25,341 [INFO] pipeline: [173/247] T1546.008 test 10
2026-09-04 16:03:25,342 [INFO] pipeline.atomic_runner: START TIME: 2026-09-04T09:03:25.000Z
2026-09-04 16:03:31,548 [INFO] pipeline.atomic_runner: END TIME: 2026-09-04T09:03:31.000Z
2026-09-04 16:03:33,548 [INFO] pipeline: [174/247] T1136.002 test 1
2026-09-04 16:03:33,550 [INFO] pipeline.atomic_runner: START TIME: 2026-09-04T09:03:33.000Z
2026-09-04 16:03:40,160 [INFO] pipeline.atomic_runner: END TIME: 2026-09-04T09:03:40.000Z
2026-09-04 16:03:42,161 [INFO] pipeline: [175/247] T1136.002 test 2
2026-09-04 16:03:42,161 [INFO] pipeline.atomic_runner: START TIME: 2026-09-04T09:03:42.000Z
2026-09-04 16:03:48,525 [INFO] pipeline.atomic_runner: END TIME: 2026-09-04T09:03:48.000Z
2026-09-04 16:03:50,525 [INFO] pipeline: [176/247] T1136.002 test 3
2026-09-04 16:03:50,526 [INFO] pipeline.atomic_runner: START TIME: 2026-09-04T09:03:50.000Z
2026-09-04 16:04:00,983 [INFO] pipeline.atomic_runner: END TIME: 2026-09-04T09:04:00.000Z
2026-09-04 16:04:02,984 [INFO] pipeline: [177/247] T1137.001 test 1
2026-09-04 16:04:02,985 [INFO] pipeline.atomic_runner: START TIME: 2026-09-04T09:04:02.000Z
2026-09-04 16:04:23,618 [INFO] pipeline.atomic_runner: END TIME: 2026-09-04T09:04:23.000Z
2026-09-04 16:04:25,618 [INFO] pipeline: [178/247] T1546.009 test 1
2026-09-04 16:04:25,620 [INFO] pipeline.atomic_runner: START TIME: 2026-09-04T09:04:25.000Z
2026-09-04 16:04:37,329 [INFO] pipeline.atomic_runner: END TIME: 2026-09-04T09:04:37.000Z
2026-09-04 16:04:39,330 [INFO] pipeline: [179/247] T1546.003 test 1
2026-09-04 16:04:39,332 [INFO] pipeline.atomic_runner: START TIME: 2026-09-04T09:04:39.000Z
2026-09-04 16:06:39,448 [WARNING] pipeline: Skipping T1546.003 1 due to run failure: Command '['pwsh', '-File', 'scripts/run_atomic.ps1', '-JsonFile', 'output/current_round.json']' timed out after 120 seconds
2026-09-04 16:06:41,449 [INFO] pipeline: [180/247] T1546.003 test 2
2026-09-04 16:06:41,450 [INFO] pipeline.atomic_runner: START TIME: 2026-09-04T09:06:41.000Z
2026-09-04 16:06:53,478 [INFO] pipeline.atomic_runner: END TIME: 2026-09-04T09:06:53.000Z
2026-09-04 16:06:55,478 [INFO] pipeline: [181/247] T1546.003 test 3
2026-09-04 16:06:55,479 [INFO] pipeline.atomic_runner: START TIME: 2026-09-04T09:06:55.000Z
2026-09-04 16:07:02,949 [INFO] pipeline.atomic_runner: END TIME: 2026-09-04T09:07:02.000Z
2026-09-04 16:07:04,949 [INFO] pipeline: [182/247] T1546.001 test 1
2026-09-04 16:07:04,951 [INFO] pipeline.atomic_runner: START TIME: 2026-09-04T09:07:04.000Z
2026-09-04 16:07:11,236 [INFO] pipeline.atomic_runner: END TIME: 2026-09-04T09:07:11.000Z
2026-09-04 16:07:13,237 [INFO] pipeline: [183/247] T1547.001 test 1
2026-09-04 16:07:13,239 [INFO] pipeline.atomic_runner: START TIME: 2026-09-04T09:07:13.000Z
2026-09-04 16:07:19,777 [INFO] pipeline.atomic_runner: END TIME: 2026-09-04T09:07:19.000Z
2026-09-04 16:07:21,778 [INFO] pipeline: [184/247] T1547.001 test 2
2026-09-04 16:07:21,778 [INFO] pipeline.atomic_runner: START TIME: 2026-09-04T09:07:21.000Z
2026-09-04 16:07:28,177 [INFO] pipeline.atomic_runner: END TIME: 2026-09-04T09:07:28.000Z
2026-09-04 16:07:30,177 [INFO] pipeline: [185/247] T1547.001 test 3
2026-09-04 16:07:30,178 [INFO] pipeline.atomic_runner: START TIME: 2026-09-04T09:07:30.000Z
2026-09-04 16:07:38,539 [INFO] pipeline.atomic_runner: END TIME: 2026-09-04T09:07:38.000Z
2026-09-04 16:07:40,539 [INFO] pipeline: [186/247] T1547.001 test 4
2026-09-04 16:07:40,540 [INFO] pipeline.atomic_runner: START TIME: 2026-09-04T09:07:40.000Z
2026-09-04 16:07:49,898 [INFO] pipeline.atomic_runner: END TIME: 2026-09-04T09:07:49.000Z
2026-09-04 16:07:51,899 [INFO] pipeline: [187/247] T1547.001 test 5
2026-09-04 16:07:51,900 [INFO] pipeline.atomic_runner: START TIME: 2026-09-04T09:07:51.000Z
2026-09-04 16:08:06,452 [INFO] pipeline.atomic_runner: END TIME: 2026-09-04T09:08:06.000Z
2026-09-04 16:08:08,453 [INFO] pipeline: [188/247] T1547.001 test 6
2026-09-04 16:08:08,453 [INFO] pipeline.atomic_runner: START TIME: 2026-09-04T09:08:08.000Z
2026-09-04 16:10:08,559 [WARNING] pipeline: Skipping T1547.001 6 due to run failure: Command '['pwsh', '-File', 'scripts/run_atomic.ps1', '-JsonFile', 'output/current_round.json']' timed out after 120 seconds
2026-09-04 16:10:10,560 [INFO] pipeline: [189/247] T1547.001 test 7
2026-09-04 16:10:10,561 [INFO] pipeline.atomic_runner: START TIME: 2026-09-04T09:10:10.000Z
2026-09-04 16:10:24,290 [INFO] pipeline.atomic_runner: END TIME: 2026-09-04T09:10:24.000Z
2026-09-04 16:10:26,290 [INFO] pipeline: [190/247] T1547.001 test 8
2026-09-04 16:10:26,291 [INFO] pipeline.atomic_runner: START TIME: 2026-09-04T09:10:26.000Z
2026-09-04 16:10:35,647 [INFO] pipeline.atomic_runner: END TIME: 2026-09-04T09:10:35.000Z
2026-09-04 16:10:37,647 [INFO] pipeline: [191/247] T1547.001 test 9
2026-09-04 16:10:37,648 [INFO] pipeline.atomic_runner: START TIME: 2026-09-04T09:10:37.000Z
2026-09-04 16:10:46,692 [INFO] pipeline.atomic_runner: END TIME: 2026-09-04T09:10:46.000Z
2026-09-04 16:10:48,693 [INFO] pipeline: [192/247] T1547.001 test 10
2026-09-04 16:10:48,694 [INFO] pipeline.atomic_runner: START TIME: 2026-09-04T09:10:48.000Z
2026-09-04 16:10:59,608 [INFO] pipeline.atomic_runner: END TIME: 2026-09-04T09:10:59.000Z
2026-09-04 16:11:01,608 [INFO] pipeline: [193/247] T1547.001 test 11
2026-09-04 16:11:01,609 [INFO] pipeline.atomic_runner: START TIME: 2026-09-04T09:11:01.000Z
2026-09-04 16:11:09,945 [INFO] pipeline.atomic_runner: END TIME: 2026-09-04T09:11:09.000Z
2026-09-04 16:11:11,945 [INFO] pipeline: [194/247] T1547.001 test 12
2026-09-04 16:11:11,946 [INFO] pipeline.atomic_runner: START TIME: 2026-09-04T09:11:11.000Z
2026-09-04 16:11:20,244 [INFO] pipeline.atomic_runner: END TIME: 2026-09-04T09:11:20.000Z
2026-09-04 16:11:22,245 [INFO] pipeline: [195/247] T1547.001 test 13
2026-09-04 16:11:22,246 [INFO] pipeline.atomic_runner: START TIME: 2026-09-04T09:11:22.000Z
2026-09-04 16:11:30,097 [INFO] pipeline.atomic_runner: END TIME: 2026-09-04T09:11:30.000Z
2026-09-04 16:11:32,098 [INFO] pipeline: [196/247] T1547.001 test 14
2026-09-04 16:11:32,099 [INFO] pipeline.atomic_runner: START TIME: 2026-09-04T09:11:32.000Z
2026-09-04 16:11:46,825 [INFO] pipeline.atomic_runner: END TIME: 2026-09-04T09:11:46.000Z
2026-09-04 16:11:48,825 [INFO] pipeline: [197/247] T1547.001 test 15
2026-09-04 16:11:48,827 [INFO] pipeline.atomic_runner: START TIME: 2026-09-04T09:11:48.000Z
2026-09-04 16:12:03,857 [INFO] pipeline.atomic_runner: END TIME: 2026-09-04T09:12:03.000Z
2026-09-04 16:12:05,858 [INFO] pipeline: [198/247] T1547.001 test 16
2026-09-04 16:12:05,860 [INFO] pipeline.atomic_runner: START TIME: 2026-09-04T09:12:05.000Z
2026-09-04 16:12:16,954 [INFO] pipeline.atomic_runner: END TIME: 2026-09-04T09:12:16.000Z
2026-09-04 16:12:18,955 [INFO] pipeline: [199/247] T1547.001 test 17
2026-09-04 16:12:18,956 [INFO] pipeline.atomic_runner: START TIME: 2026-09-04T09:12:18.000Z
2026-09-04 16:12:30,992 [INFO] pipeline.atomic_runner: END TIME: 2026-09-04T09:12:30.000Z
2026-09-04 16:12:32,993 [INFO] pipeline: [200/247] T1547.001 test 18
2026-09-04 16:12:32,994 [INFO] pipeline.atomic_runner: START TIME: 2026-09-04T09:12:32.000Z
2026-09-04 16:12:43,811 [INFO] pipeline.atomic_runner: END TIME: 2026-09-04T09:12:43.000Z
2026-09-04 16:12:45,811 [INFO] pipeline: [201/247] T1547.001 test 19
2026-09-04 16:12:45,812 [INFO] pipeline.atomic_runner: START TIME: 2026-09-04T09:12:45.000Z
2026-09-04 16:12:54,099 [INFO] pipeline.atomic_runner: END TIME: 2026-09-04T09:12:54.000Z
2026-09-04 16:12:56,100 [INFO] pipeline: [202/247] T1547.001 test 20
2026-09-04 16:12:56,101 [INFO] pipeline.atomic_runner: START TIME: 2026-09-04T09:12:56.000Z
2026-09-04 16:13:03,491 [INFO] pipeline.atomic_runner: END TIME: 2026-09-04T09:13:03.000Z
2026-09-04 16:13:05,491 [INFO] pipeline: [203/247] T1098 test 1
2026-09-04 16:13:05,492 [INFO] pipeline.atomic_runner: START TIME: 2026-09-04T09:13:05.000Z
2026-09-04 16:13:15,482 [INFO] pipeline.atomic_runner: END TIME: 2026-09-04T09:13:15.000Z
2026-09-04 16:13:17,482 [INFO] pipeline: [204/247] T1098 test 2
2026-09-04 16:13:17,483 [INFO] pipeline.atomic_runner: START TIME: 2026-09-04T09:13:17.000Z
2026-09-04 16:13:29,506 [INFO] pipeline.atomic_runner: END TIME: 2026-09-04T09:13:29.000Z
2026-09-04 16:13:31,506 [INFO] pipeline: [205/247] T1098 test 9
2026-09-04 16:13:31,507 [INFO] pipeline.atomic_runner: START TIME: 2026-09-04T09:13:31.000Z
2026-09-04 16:13:39,919 [INFO] pipeline.atomic_runner: END TIME: 2026-09-04T09:13:39.000Z
2026-09-04 16:13:41,920 [INFO] pipeline: [206/247] T1098 test 10
2026-09-04 16:13:41,920 [INFO] pipeline.atomic_runner: START TIME: 2026-09-04T09:13:41.000Z
2026-09-04 16:13:51,939 [INFO] pipeline.atomic_runner: END TIME: 2026-09-04T09:13:51.000Z
2026-09-04 16:13:53,939 [INFO] pipeline: [207/247] T1098 test 11
2026-09-04 16:13:53,940 [INFO] pipeline.atomic_runner: START TIME: 2026-09-04T09:13:53.000Z
2026-09-04 16:14:03,937 [INFO] pipeline.atomic_runner: END TIME: 2026-09-04T09:14:03.000Z
2026-09-04 16:14:05,937 [INFO] pipeline: [208/247] T1098 test 12
2026-09-04 16:14:05,938 [INFO] pipeline.atomic_runner: START TIME: 2026-09-04T09:14:05.000Z
2026-09-04 16:14:19,331 [INFO] pipeline.atomic_runner: END TIME: 2026-09-04T09:14:19.000Z
2026-09-04 16:14:21,331 [INFO] pipeline: [209/247] T1098 test 13
2026-09-04 16:14:21,332 [INFO] pipeline.atomic_runner: START TIME: 2026-09-04T09:14:21.000Z
2026-09-04 16:14:31,162 [INFO] pipeline.atomic_runner: END TIME: 2026-09-04T09:14:31.000Z
2026-09-04 16:14:33,162 [INFO] pipeline: [210/247] T1098 test 14
2026-09-04 16:14:33,163 [INFO] pipeline.atomic_runner: START TIME: 2026-09-04T09:14:33.000Z
2026-09-04 16:14:43,964 [INFO] pipeline.atomic_runner: END TIME: 2026-09-04T09:14:43.000Z
2026-09-04 16:14:45,964 [INFO] pipeline: [211/247] T1098 test 15
2026-09-04 16:14:45,965 [INFO] pipeline.atomic_runner: START TIME: 2026-09-04T09:14:45.000Z
2026-09-04 16:14:56,174 [INFO] pipeline.atomic_runner: END TIME: 2026-09-04T09:14:56.000Z
2026-09-04 16:14:58,174 [INFO] pipeline: [212/247] T1098 test 16
2026-09-04 16:14:58,175 [INFO] pipeline.atomic_runner: START TIME: 2026-09-04T09:14:58.000Z
2026-09-04 16:15:09,401 [INFO] pipeline.atomic_runner: END TIME: 2026-09-04T09:15:09.000Z
2026-09-04 16:15:11,401 [INFO] pipeline: [213/247] T1505.004 test 1
2026-09-04 16:15:11,403 [INFO] pipeline.atomic_runner: START TIME: 2026-09-04T09:15:11.000Z
2026-09-04 16:15:17,741 [INFO] pipeline.atomic_runner: END TIME: 2026-09-04T09:15:17.000Z
2026-09-04 16:15:17,741 [INFO] pipeline: No detection rules for this technique T1505.004 1
2026-09-04 16:15:19,741 [INFO] pipeline: [214/247] T1505.004 test 2
2026-09-04 16:15:19,743 [INFO] pipeline.atomic_runner: START TIME: 2026-09-04T09:15:19.000Z
2026-09-04 16:15:28,617 [INFO] pipeline.atomic_runner: END TIME: 2026-09-04T09:15:28.000Z
2026-09-04 16:15:28,617 [INFO] pipeline: No detection rules for this technique T1505.004 2
2026-09-04 16:15:30,618 [INFO] pipeline: [215/247] T1546 test 1
2026-09-04 16:15:30,618 [INFO] pipeline.atomic_runner: START TIME: 2026-09-04T09:15:30.000Z
2026-09-04 16:15:39,590 [INFO] pipeline.atomic_runner: END TIME: 2026-09-04T09:15:39.000Z
2026-09-04 16:15:41,590 [INFO] pipeline: [216/247] T1546 test 2
2026-09-04 16:15:41,592 [INFO] pipeline.atomic_runner: START TIME: 2026-09-04T09:15:41.000Z
2026-09-04 16:15:49,868 [INFO] pipeline.atomic_runner: END TIME: 2026-09-04T09:15:49.000Z
2026-09-04 16:15:51,868 [INFO] pipeline: [217/247] T1546 test 3
2026-09-04 16:15:51,869 [INFO] pipeline.atomic_runner: START TIME: 2026-09-04T09:15:51.000Z
2026-09-04 16:16:00,877 [INFO] pipeline.atomic_runner: END TIME: 2026-09-04T09:16:00.000Z
2026-09-04 16:16:02,877 [INFO] pipeline: [218/247] T1546 test 4
2026-09-04 16:16:02,879 [INFO] pipeline.atomic_runner: START TIME: 2026-09-04T09:16:02.000Z
2026-09-04 16:16:13,457 [INFO] pipeline.atomic_runner: END TIME: 2026-09-04T09:16:13.000Z
2026-09-04 16:16:15,458 [INFO] pipeline: [219/247] T1546 test 5
2026-09-04 16:16:15,458 [INFO] pipeline.atomic_runner: START TIME: 2026-09-04T09:16:15.000Z
2026-09-04 16:16:22,424 [INFO] pipeline.atomic_runner: END TIME: 2026-09-04T09:16:22.000Z
2026-09-04 16:16:24,424 [INFO] pipeline: [220/247] T1546 test 6
2026-09-04 16:16:24,425 [INFO] pipeline.atomic_runner: START TIME: 2026-09-04T09:16:24.000Z
2026-09-04 16:16:30,771 [INFO] pipeline.atomic_runner: END TIME: 2026-09-04T09:16:30.000Z
2026-09-04 16:16:32,771 [INFO] pipeline: [221/247] T1546 test 7
2026-09-04 16:16:32,774 [INFO] pipeline.atomic_runner: START TIME: 2026-09-04T09:16:32.000Z
2026-09-04 16:16:39,710 [INFO] pipeline.atomic_runner: END TIME: 2026-09-04T09:16:39.000Z
2026-09-04 16:16:41,711 [INFO] pipeline: [222/247] T1546 test 8
2026-09-04 16:16:41,711 [INFO] pipeline.atomic_runner: START TIME: 2026-09-04T09:16:41.000Z
2026-09-04 16:16:50,661 [INFO] pipeline.atomic_runner: END TIME: 2026-09-04T09:16:50.000Z
2026-09-04 16:16:52,661 [INFO] pipeline: [223/247] T1546 test 9
2026-09-04 16:16:52,662 [INFO] pipeline.atomic_runner: START TIME: 2026-09-04T09:16:52.000Z
2026-09-04 16:16:59,078 [INFO] pipeline.atomic_runner: END TIME: 2026-09-04T09:16:59.000Z
2026-09-04 16:17:01,078 [INFO] pipeline: [224/247] T1547.002 test 1
2026-09-04 16:17:01,081 [INFO] pipeline.atomic_runner: START TIME: 2026-09-04T09:17:01.000Z
2026-09-04 16:17:08,726 [INFO] pipeline.atomic_runner: END TIME: 2026-09-04T09:17:08.000Z
2026-09-04 16:17:10,726 [INFO] pipeline: [225/247] T1546.015 test 1
2026-09-04 16:17:10,727 [INFO] pipeline.atomic_runner: START TIME: 2026-09-04T09:17:10.000Z
2026-09-04 16:17:18,982 [INFO] pipeline.atomic_runner: END TIME: 2026-09-04T09:17:18.000Z
2026-09-04 16:17:20,982 [INFO] pipeline: [226/247] T1546.015 test 2
2026-09-04 16:17:20,983 [INFO] pipeline.atomic_runner: START TIME: 2026-09-04T09:17:20.000Z
2026-09-04 16:17:28,735 [INFO] pipeline.atomic_runner: END TIME: 2026-09-04T09:17:28.000Z
2026-09-04 16:17:30,735 [INFO] pipeline: [227/247] T1546.015 test 3
2026-09-04 16:17:30,736 [INFO] pipeline.atomic_runner: START TIME: 2026-09-04T09:17:30.000Z
2026-09-04 16:17:38,803 [INFO] pipeline.atomic_runner: END TIME: 2026-09-04T09:17:38.000Z
2026-09-04 16:17:40,803 [INFO] pipeline: [228/247] T1546.015 test 4
2026-09-04 16:17:40,804 [INFO] pipeline.atomic_runner: START TIME: 2026-09-04T09:17:40.000Z
2026-09-04 16:17:50,506 [INFO] pipeline.atomic_runner: END TIME: 2026-09-04T09:17:50.000Z
2026-09-04 16:17:52,506 [INFO] pipeline: [229/247] T1137.004 test 1
2026-09-04 16:17:52,509 [INFO] pipeline.atomic_runner: START TIME: 2026-09-04T09:17:52.000Z
2026-09-04 16:17:58,385 [INFO] pipeline.atomic_runner: END TIME: 2026-09-04T09:17:58.000Z
2026-09-04 16:18:00,386 [INFO] pipeline: [230/247] T1546.018 test 1
2026-09-04 16:18:00,389 [INFO] pipeline.atomic_runner: START TIME: 2026-09-04T09:18:00.000Z
2026-09-04 16:18:15,486 [INFO] pipeline.atomic_runner: END TIME: 2026-09-04T09:18:15.000Z
2026-09-04 16:18:15,487 [INFO] pipeline: No detection rules for this technique T1546.018 1
2026-09-04 16:18:17,487 [INFO] pipeline: [231/247] T1546.018 test 2
2026-09-04 16:18:17,488 [INFO] pipeline.atomic_runner: START TIME: 2026-09-04T09:18:17.000Z
2026-09-04 16:18:30,791 [INFO] pipeline.atomic_runner: END TIME: 2026-09-04T09:18:30.000Z
2026-09-04 16:18:30,791 [INFO] pipeline: No detection rules for this technique T1546.018 2
2026-09-04 16:18:32,791 [INFO] pipeline: [232/247] T1197 test 1
2026-09-04 16:18:32,792 [INFO] pipeline.atomic_runner: START TIME: 2026-09-04T09:18:32.000Z
2026-09-04 16:18:40,666 [INFO] pipeline.atomic_runner: END TIME: 2026-09-04T09:18:40.000Z
2026-09-04 16:18:42,666 [INFO] pipeline: [233/247] T1197 test 2
2026-09-04 16:18:42,667 [INFO] pipeline.atomic_runner: START TIME: 2026-09-04T09:18:42.000Z
2026-09-04 16:18:51,310 [INFO] pipeline.atomic_runner: END TIME: 2026-09-04T09:18:51.000Z
2026-09-04 16:18:53,311 [INFO] pipeline: [234/247] T1197 test 3
2026-09-04 16:18:53,311 [INFO] pipeline.atomic_runner: START TIME: 2026-09-04T09:18:53.000Z
2026-09-04 16:19:04,733 [INFO] pipeline.atomic_runner: END TIME: 2026-09-04T09:19:04.000Z
2026-09-04 16:19:06,734 [INFO] pipeline: [235/247] T1197 test 4
2026-09-04 16:19:06,734 [INFO] pipeline.atomic_runner: START TIME: 2026-09-04T09:19:06.000Z
2026-09-04 16:19:13,038 [INFO] pipeline.atomic_runner: END TIME: 2026-09-04T09:19:13.000Z
2026-09-04 16:19:15,039 [INFO] pipeline: [236/247] T1546.010 test 1
2026-09-04 16:19:15,041 [INFO] pipeline.atomic_runner: START TIME: 2026-09-04T09:19:15.000Z
2026-09-04 16:19:21,101 [INFO] pipeline.atomic_runner: END TIME: 2026-09-04T09:19:21.000Z
2026-09-04 16:19:23,101 [INFO] pipeline: [237/247] T1546.002 test 1
2026-09-04 16:19:23,103 [INFO] pipeline.atomic_runner: START TIME: 2026-09-04T09:19:23.000Z
2026-09-04 16:19:30,602 [INFO] pipeline.atomic_runner: END TIME: 2026-09-04T09:19:30.000Z
2026-09-04 16:19:32,603 [INFO] pipeline: [238/247] T1037.001 test 1
2026-09-04 16:19:32,604 [INFO] pipeline.atomic_runner: START TIME: 2026-09-04T09:19:32.000Z
2026-09-04 16:19:38,684 [INFO] pipeline.atomic_runner: END TIME: 2026-09-04T09:19:38.000Z
2026-09-04 16:19:40,685 [INFO] pipeline: [239/247] T1137.002 test 1
2026-09-04 16:19:40,686 [INFO] pipeline.atomic_runner: START TIME: 2026-09-04T09:19:40.000Z
2026-09-04 16:20:03,537 [INFO] pipeline.atomic_runner: END TIME: 2026-09-04T09:20:03.000Z
2026-09-04 16:20:05,537 [INFO] pipeline: [240/247] T1547.008 test 1
2026-09-04 16:20:05,538 [INFO] pipeline.atomic_runner: START TIME: 2026-09-04T09:20:05.000Z
2026-09-04 16:20:16,360 [INFO] pipeline.atomic_runner: END TIME: 2026-09-04T09:20:16.000Z
2026-09-04 16:20:18,360 [INFO] pipeline: [241/247] T1053.002 test 1
2026-09-04 16:20:18,361 [INFO] pipeline.atomic_runner: START TIME: 2026-09-04T09:20:18.000Z
2026-09-04 16:20:25,024 [INFO] pipeline.atomic_runner: END TIME: 2026-09-04T09:20:25.000Z
2026-09-04 16:20:27,024 [INFO] pipeline: [242/247] T1546.007 test 1
2026-09-04 16:20:27,027 [INFO] pipeline.atomic_runner: START TIME: 2026-09-04T09:20:27.000Z
2026-09-04 16:20:35,473 [INFO] pipeline.atomic_runner: END TIME: 2026-09-04T09:20:35.000Z
2026-09-04 16:20:37,473 [INFO] pipeline: [243/247] T1078.003 test 1
2026-09-04 16:20:37,474 [INFO] pipeline.atomic_runner: START TIME: 2026-09-04T09:20:37.000Z
2026-09-04 16:20:46,165 [INFO] pipeline.atomic_runner: END TIME: 2026-09-04T09:20:46.000Z
2026-09-04 16:20:48,166 [INFO] pipeline: [244/247] T1078.003 test 6
2026-09-04 16:20:48,167 [INFO] pipeline.atomic_runner: START TIME: 2026-09-04T09:20:48.000Z
2026-09-04 16:20:59,138 [INFO] pipeline.atomic_runner: END TIME: 2026-09-04T09:20:59.000Z
2026-09-04 16:21:01,138 [INFO] pipeline: [245/247] T1078.003 test 7
2026-09-04 16:21:01,139 [INFO] pipeline.atomic_runner: START TIME: 2026-09-04T09:21:01.000Z
2026-09-04 16:21:13,244 [INFO] pipeline.atomic_runner: END TIME: 2026-09-04T09:21:13.000Z
2026-09-04 16:21:15,244 [INFO] pipeline: [246/247] T1078.003 test 13
2026-09-04 16:21:15,245 [INFO] pipeline.atomic_runner: START TIME: 2026-09-04T09:21:15.000Z
2026-09-04 16:21:23,982 [INFO] pipeline.atomic_runner: END TIME: 2026-09-04T09:21:23.000Z
2026-09-04 16:21:25,982 [INFO] pipeline: [247/247] T1556.001 test 1
2026-09-04 16:21:25,985 [INFO] pipeline.atomic_runner: START TIME: 2026-09-04T09:21:25.000Z
2026-09-04 16:21:36,092 [INFO] pipeline.atomic_runner: END TIME: 2026-09-04T09:21:36.000Z
2026-09-04 16:26:04,178 [INFO] pipeline.elastic_client: Triggered 610 rules
2026-09-04 16:26:04,397 [INFO] pipeline.elastic_client: 64 rules not complete
2026-09-04 16:26:14,469 [INFO] pipeline.elastic_client: 48 rules not complete
2026-09-04 16:26:24,548 [INFO] pipeline.elastic_client: 30 rules not complete
2026-09-04 16:26:34,668 [INFO] pipeline.elastic_client: 17 rules not complete
2026-09-04 16:26:44,758 [INFO] pipeline.elastic_client: 3 rules not complete
2026-09-04 16:26:55,041 [INFO] pipeline.elastic_client: 3 rules not complete
2026-09-04 16:27:05,100 [INFO] pipeline.elastic_client: 3 rules not complete
2026-09-04 16:27:15,150 [INFO] pipeline.elastic_client: 3 rules not complete
2026-09-04 16:27:25,230 [INFO] pipeline.elastic_client: 3 rules not complete
2026-09-04 16:27:35,308 [INFO] pipeline.elastic_client: 3 rules not complete
2026-09-04 16:27:35,309 [WARNING] pipeline.elastic_client: 3 rules not change after 5 check
2026-09-04 16:27:35,311 [WARNING] pipeline: Some rules did not finish in time: ['25545930-24dc-4d85-b437-3be7fb179dc5', 'd7ce0591-5394-43a9-a75c-839b5f7ab702', '757d4bae-c8f5-432c-bc59-74bcc3c02111']
